******************************************************************************
                  TI ARM Linker PC v16.9.1                     
******************************************************************************
>> Linked Fri Dec 16 14:26:11 2016

OUTPUT FILE NAME:   <DTC1200_TivaTM4C123AE6PM.out>
ENTRY POINT SYMBOL: "_c_int00"  address: 0000a741


MEMORY CONFIGURATION

         name            origin    length      used     unused   attr    fill
----------------------  --------  ---------  --------  --------  ----  --------
  FLASH                 00000000   00020000  000106c6  0000f93a  R  X
  SRAM                  20000000   00008000  00005c56  000023aa  RW X


SEGMENT ALLOCATION MAP

run origin  load origin   length   init length attrs members
----------  ----------- ---------- ----------- ----- -------
00000000    00000000    000106d0   000106d0    r-x
  00000000    00000000    0000003c   0000003c    r-- .resetVecs
  00000040    00000040    0000d68a   0000d68a    r-x .text
  0000d6cc    0000d6cc    000029e0   000029e0    r-- .const
  000100b0    000100b0    00000620   00000620    r-- .cinit
20000000    20000000    00000360   00000000    rw-
  20000000    20000000    00000360   00000000    rw- .vecs
20000400    20000400    000058f8   00000000    rw-
  20000400    20000400    000042f0   00000000    rw- .bss
  200046f0    200046f0    00001306   00000000    rw- .data
  200059f8    200059f8    00000300   00000000    rw- .stack


SECTION ALLOCATION MAP

 output                                  attributes/
section   page    origin      length       input sections
--------  ----  ----------  ----------   ----------------
.resetVecs 
*          0    00000000    0000003c     
                  00000000    0000003c     DTC1200_pem4f.oem4f (.resetVecs)

.text      0    00000040    0000d68a     
                  00000040    00001740     TerminalTask.obj (.text)
                  00001780    0000113e     rtsv7M4_T_le_v4SPD16_eabi.lib : _printfi.obj (.text)
                  000028be    00000002     drivers_tivaware.aem4f : SPITivaDMA.oem4f (.text:SPITivaDMA_serviceISR)
                  000028c0    000008d8     TransportTask.obj (.text)
                  00003198    000007c4     ServoTask.obj (.text)
                  0000395c    0000075c     DTC1200.obj (.text)
                  000040b8    00000620     Diag.obj (.text)
                  000046d8    000005bc     DTC1200_TivaTM4C123AE6PMI.obj (.text)
                  00004c94    00000440     IOExpander.obj (.text)
                  000050d4    00000004     driverlib.lib : i2c.obj (.text:I2CMasterControl)
                  000050d8    00000430     sysbios.aem4f : BIOS.obj (.text:ti_sysbios_family_arm_m3_Hwi_excDumpRegs__I)
                  00005508    0000034c     ti.targets.arm.rtsarm.aem4f : System.oem4f (.text:xdc_runtime_System_doPrint__I)
                  00005854    00000324     rtsv7M4_T_le_v4SPD16_eabi.lib : trgdrv.obj (.text)
                  00005b78    00000308     PID.obj (.text)
                  00005e80    00000234     TachTimer.obj (.text)
                  000060b4    0000021c     DTC1200_pem4f.oem4f (.text:xdc_runtime_System_printfExtend__I)
                  000062d0    0000020c     drivers_tivaware.aem4f : UARTTiva.oem4f (.text:UARTTiva_open)
                  000064dc    00000004     driverlib.lib : i2c.obj (.text:I2CMasterDataGet)
                  000064e0    000001fc     sysbios.aem4f : BIOS.obj (.text:ti_sysbios_family_arm_m3_Hwi_excHandlerMax__I)
                  000066dc    000001f4     rtsv7M4_T_le_v4SPD16_eabi.lib : ull_div_t2.obj (.text)
                  000068d0    000001b6                                   : fd_add_t2.obj (.text)
                  00006a86    00000002     drivers_tivaware.aem4f : WatchdogTiva.oem4f (.text:WatchdogTiva_close)
                  00006a88    00000198     MotorDAC.obj (.text)
                  00006c20    00000174     sysbios.aem4f : BIOS.obj (.text:ti_sysbios_family_arm_m3_Hwi_excBusFault__I)
                  00006d94    00000004     driverlib.lib : i2c.obj (.text:I2CMasterDataPut)
                  00006d98    00000164     sysbios.aem4f : BIOS.obj (.text:ti_sysbios_family_arm_m3_Hwi_excUsageFault__I)
                  00006efc    00000150     drivers_tivaware.aem4f : GPIOTiva.oem4f (.text:GPIO_setConfig)
                  0000704c    00000004     driverlib.lib : qei.obj (.text:QEIIntClear)
                  00007050    00000148     sysbios.aem4f : BIOS.obj (.text:ti_sysbios_family_arm_m3_Hwi_excMemFault__I)
                  00007198    00000138                   : BIOS.obj (.text:ti_sysbios_knl_Semaphore_pend__E)
                  000072d0    00000136     rtsv7M4_T_le_v4SPD16_eabi.lib : fd_div_t2.obj (.text)
                  00007406    00000130     driverlib.lib : gpio.obj (.text:GPIOPadConfigSet)
                  00007536    00000002     rtsv7M4_T_le_v4SPD16_eabi.lib : i_div0.obj (.text)
                  00007538    0000011c     tty.obj (.text)
                  00007654    00000118     ti.targets.arm.rtsarm.aem4f : Error.oem4f (.text:xdc_runtime_Error_policyDefault__E)
                  0000776c    0000010c     driverlib.lib : sysctl.obj (.text:SysCtlClockGet)
                  00007878    00000108     sysbios.aem4f : BIOS.obj (.text:ti_sysbios_family_arm_lm4_Timer_start__E)
                  00007980    00000100     Boot.aem4f : Boot_sysctl.oem4f (.text:ti_catalog_arm_cortexm4_tiva_ce_Boot_sysCtlClockSetI__I)
                  00007a80    00000100     ti.targets.arm.rtsarm.aem4f : Core-mem.oem4f (.text:xdc_runtime_Core_createObject__I)
                  00007b80    000000fc     rtsv7M4_T_le_v4SPD16_eabi.lib : fd_mul_t2.obj (.text)
                  00007c7c    000000fc                                   : s_scalbn.obj (.text)
                  00007d78    000000f8     ti.targets.arm.rtsarm.aem4f : Startup.oem4f (.text:xdc_runtime_Startup_startMods__I)
                  00007e70    000000f4     sysbios.aem4f : m3_Hwi_asm.obj (.text:ti_sysbios_family_arm_m3_Hwi_dispatch__I)
                  00007f64    000000e0     drivers_tivaware.aem4f : I2CTiva.oem4f (.text:I2CTiva_open)
                  00008044    000000d8                            : SPITivaDMA.oem4f (.text:SPITivaDMA_open)
                  0000811c    000000d6                            : I2CTiva.oem4f (.text:I2CTiva_hwiFxn)
                  000081f2    00000006     driverlib.lib : gpio.obj (.text:GPIOIntClear)
                  000081f8    000000d4     sysbios.aem4f : BIOS.obj (.text:ti_sysbios_knl_Mailbox_Instance_init__E)
                  000082cc    00000004     driverlib.lib : qei.obj (.text:QEIVelocityGet)
                  000082d0    000000cc     sysbios.aem4f : BIOS.obj (.text:ti_sysbios_heaps_HeapMem_alloc__E)
                  0000839c    00000004     driverlib.lib : ssi.obj (.text:SSIIntClear)
                  000083a0    000000cc     sysbios.aem4f : BIOS.obj (.text:ti_sysbios_knl_Task_Instance_init__E)
                  0000846c    000000cc     ti.targets.arm.rtsarm.aem4f : Core-smem.oem4f (.text:xdc_runtime_Core_constructObject__I)
                  00008538    000000c8     sysbios.aem4f : BIOS.obj (.text:ti_sysbios_knl_Task_sleep__E)
                  00008600    000000c4     driverlib.lib : eeprom.obj (.text:EEPROMProgram)
                  000086c4    000000c0     drivers_tivaware.aem4f : SPITivaDMA.oem4f (.text:SPITivaDMA_configDMA)
                  00008784    00000004     driverlib.lib : timer.obj (.text:TimerIntClear)
                  00008788    000000bc     sysbios.aem4f : BIOS.obj (.text:ti_sysbios_family_arm_m3_Hwi_excDebugMon__I)
                  00008844    00000004     driverlib.lib : uart.obj (.text:UARTIntClear)
                  00008848    000000bc     sysbios.aem4f : BIOS.obj (.text:ti_sysbios_family_arm_m3_Hwi_excHardFault__I)
                  00008904    00000004     driverlib.lib : watchdog.obj (.text:WatchdogReloadSet)
                  00008908    000000bc     sysbios.aem4f : BIOS.obj (.text:ti_sysbios_knl_Task_Instance_finalize__E)
                  000089c4    00000004                   : BIOS.obj (.text:ti_sysbios_family_arm_lm4_Timer_masterEnable__I)
                  000089c8    000000b4                   : BIOS.obj (.text:ti_sysbios_knl_Task_checkStacks__E)
                  00008a7c    000000ac     drivers_tivaware.aem4f : UARTTiva.oem4f (.text:readTaskBlocking)
                  00008b28    000000ac     sysbios.aem4f : BIOS.obj (.text:ti_sysbios_family_arm_lm4_Timer_enableTiva__I)
                  00008bd4    000000a4     drivers_tivaware.aem4f : SPITivaDMA.oem4f (.text:SPITivaDMA_initHw)
                  00008c78    000000a0     auto_init.aem4f : auto_init.oem4f (.text)
                  00008d18    000000a0     ti.targets.arm.rtsarm.aem4f : Text.oem4f (.text:xdc_runtime_Text_putMod__E)
                  00008db8    0000009c     rtsv7M4_T_le_v4SPD16_eabi.lib : memcpy_t2.obj (.text)
                  00008e54    0000009a     drivers_tivaware.aem4f : WatchdogTiva.oem4f (.text:WatchdogTiva_open)
                  00008eee    00000002     DTC1200_pem4f.oem4f (.text:ti_sysbios_BIOS_nullFunc__I)
                  00008ef0    0000009a     ti.targets.arm.rtsarm.aem4f : Text.oem4f (.text:xdc_runtime_Text_putSite__E)
                  00008f8a    00000098     drivers_tivaware.aem4f : UARTTiva.oem4f (.text:UARTTiva_readPolling)
                  00009022    00000002     DTC1200_pem4f.oem4f (.text:xdc_runtime_Startup_reset__I)
                  00009024    00000098     Boot.aem4f : Boot.oem4f (.text:ti_catalog_arm_cortexm4_tiva_ce_Boot_sysCtlClockSet__E)
                  000090bc    00000094     drivers_tivaware.aem4f : UARTTiva.oem4f (.text:UARTTiva_write)
                  00009150    00000094     sysbios.aem4f : BIOS.obj (.text:ti_sysbios_family_arm_m3_Hwi_Instance_init__E)
                  000091e4    00000004     DTC1200_pem4f.oem4f (.text:ti_sysbios_family_arm_m3_TaskSupport_Module__startupDone__S)
                  000091e8    00000094     sysbios.aem4f : BIOS.obj (.text:ti_sysbios_family_arm_m3_Hwi_initNVIC__E)
                  0000927c    0000008c     drivers_tivaware.aem4f : GPIOTiva.oem4f (.text:GPIO_init)
                  00009308    0000008c                            : UARTTiva.oem4f (.text:UARTTiva_control)
                  00009394    0000008c     sysbios.aem4f : m3_TaskSupport_asm.obj (.text:ti_sysbios_family_arm_m3_TaskSupport_buildTaskStack)
                  00009420    0000008c                   : BIOS.obj (.text:ti_sysbios_knl_Task_postInit__I)
                  000094ac    0000008a     drivers_tivaware.aem4f : UARTTiva.oem4f (.text:readIsrTextBlocking)
                  00009536    00000002     --HOLE-- [fill = 0]
                  00009538    00000088     sysbios.aem4f : BIOS.obj (.text:ti_sysbios_knl_Mailbox_post__E)
                  000095c0    00000086     rtsv7M4_T_le_v4SPD16_eabi.lib : fd_cmp_t2.obj (.text:__aeabi_cdcmple)
                  00009646    00000086                                   : fd_cmp_t2.obj (.text:__aeabi_cdrcmple)
                  000096cc    00000004     ti.targets.arm.rtsarm.aem4f : Error.oem4f (.text:xdc_runtime_Error_getSite__E)
                  000096d0    00000084     sysbios.aem4f : BIOS.obj (.text:ti_sysbios_family_arm_m3_Hwi_postInit__I)
                  00009754    00000084     driverlib.lib : udma.obj (.text:uDMAChannelTransferSet)
                  000097d8    00000082     drivers_tivaware.aem4f : UARTTiva.oem4f (.text:readIsrTextCallback)
                  0000985a    0000007e                            : I2CTiva.oem4f (.text:I2CTiva_transfer)
                  000098d8    0000007c     sysbios.aem4f : BIOS.obj (.text:ti_sysbios_heaps_HeapMem_free__E)
                  00009954    0000007a     driverlib.lib : adc.obj (.text:ADCSequenceStepConfigure)
                  000099ce    0000007a     drivers_tivaware.aem4f : UARTTiva.oem4f (.text:readTaskCallback)
                  00009a48    0000007a     rtsv7M4_T_le_v4SPD16_eabi.lib : memset_t2.obj (.text)
                  00009ac2    00000006     driverlib.lib : gpio.obj (.text:GPIOPinWrite)
                  00009ac8    00000074     sysbios.aem4f : BIOS.obj (.text:ti_sysbios_knl_Mailbox_pend__E)
                  00009b3c    00000004     ti.targets.arm.rtsarm.aem4f : System.oem4f (.text:xdc_runtime_System_aprintf_va__F)
                  00009b40    00000070     sysbios.aem4f : BIOS.obj (.text:ti_sysbios_knl_Mailbox_Instance_finalize__E)
                  00009bb0    00000070                   : BIOS.obj (.text:ti_sysbios_knl_Semaphore_post__E)
                  00009c20    00000070                   : BIOS.obj (.text:ti_sysbios_knl_Task_exit__E)
                  00009c90    0000006d     ti.targets.arm.rtsarm.aem4f : System.oem4f (.text:xdc_runtime_System_formatNum__I)
                  00009cfd    00000003     --HOLE-- [fill = 0]
                  00009d00    0000006c     sysbios.aem4f : BIOS.obj (.text:ti_sysbios_knl_Clock_workFunc__E)
                  00009d6c    00000004     ti.targets.arm.rtsarm.aem4f : System.oem4f (.text:xdc_runtime_System_printf_va__F)
                  00009d70    0000006c     sysbios.aem4f : BIOS.obj (.text:ti_sysbios_knl_Swi_restoreHwi__E)
                  00009ddc    0000006c     drivers_tivaware.aem4f : UARTTiva.oem4f (.text:writeData)
                  00009e48    0000006c     ti.targets.arm.rtsarm.aem4f : Error.oem4f (.text:xdc_runtime_Error_print__E)
                  00009eb4    0000006c                                 : Memory.oem4f (.text:xdc_runtime_Memory_alloc__E)
                  00009f20    00000068     rtsv7M4_T_le_v4SPD16_eabi.lib : copy_decompress_lzss.obj (.text:decompress:lzss)
                  00009f88    00000068                                   : trgmsg.obj (.text)
                  00009ff0    00000068     DTC1200_pem4f.oem4f (.text:ti_sysbios_family_arm_m3_Hwi_create)
                  0000a058    00000068     DTC1200_pem4f.oem4f (.text:ti_sysbios_knl_Mailbox_create)
                  0000a0c0    00000066     ti.targets.arm.rtsarm.aem4f : Core-mem.oem4f (.text:xdc_runtime_Core_deleteObject__I)
                  0000a126    00000002     --HOLE-- [fill = 0]
                  0000a128    00000064     drivers_tivaware.aem4f : GPIOTiva.oem4f (.text:GPIO_hwiIntFxn)
                  0000a18c    00000064     rtsv7M4_T_le_v4SPD16_eabi.lib : s_frexp.obj (.text)
                  0000a1f0    00000064     sysbios.aem4f : BIOS.obj (.text:ti_sysbios_family_arm_lm4_Timer_Module_startup__E)
                  0000a254    00000004     --HOLE-- [fill = 0]
                  0000a258    00000064                   : BIOS.obj (.text:ti_sysbios_family_arm_m3_Hwi_dispatchC__I)
                  0000a2bc    00000064     DTC1200_pem4f.oem4f (.text:ti_sysbios_knl_Task_create)
                  0000a320    00000062     drivers_tivaware.aem4f : I2CTiva.oem4f (.text:I2CTiva_primeTransfer)
                  0000a382    00000062                            : SPITivaDMA.oem4f (.text:SPITivaDMA_transfer)
                  0000a3e4    00000060     driverlib.lib : timer.obj (.text:TimerConfigure)
                  0000a444    00000060     rtsv7M4_T_le_v4SPD16_eabi.lib : sprintf.obj (.text)
                  0000a4a4    00000004     --HOLE-- [fill = 0]
                  0000a4a8    00000060     sysbios.aem4f : BIOS.obj (.text:ti_sysbios_knl_Task_schedule__I)
                  0000a508    0000005e     drivers_tivaware.aem4f : UARTTiva.oem4f (.text:readIsrBinaryBlocking)
                  0000a566    00000002     --HOLE-- [fill = 0]
                  0000a568    0000005c     sysbios.aem4f : BIOS.obj (.text:ti_sysbios_knl_Swi_run__I)
                  0000a5c4    00000004     --HOLE-- [fill = 0]
                  0000a5c8    0000005c                   : BIOS.obj (.text:ti_sysbios_knl_Swi_schedule__I)
                  0000a624    00000004     --HOLE-- [fill = 0]
                  0000a628    0000005c                   : BIOS.obj (.text:ti_sysbios_knl_Task_Module_startup__E)
                  0000a684    00000004     --HOLE-- [fill = 0]
                  0000a688    0000005c                   : BIOS.obj (.text:ti_sysbios_knl_Task_startCore__E)
                  0000a6e4    0000005b     ti.targets.arm.rtsarm.aem4f : Text.oem4f (.text:xdc_runtime_Text_putLab__E)
                  0000a73f    00000001     --HOLE-- [fill = 0]
                  0000a740    00000058     boot.aem4f : boot.oem4f (.text)
                  0000a798    00000058     DTC1200_pem4f.oem4f (.text:ti_sysbios_family_arm_m3_Hwi_construct)
                  0000a7f0    00000058     sysbios.aem4f : m3_Hwi_asm_switch.obj (.text:ti_sysbios_family_arm_m3_Hwi_initStacks__E)
                  0000a848    00000056     driverlib.lib : gpio.obj (.text:GPIOIntTypeSet)
                  0000a89e    00000054     drivers_tivaware.aem4f : UARTTiva.oem4f (.text:readIsrBinaryCallback)
                  0000a8f2    00000002     --HOLE-- [fill = 0]
                  0000a8f4    00000054     rtsv7M4_T_le_v4SPD16_eabi.lib : exit.obj (.text)
                  0000a948    00000054                                   : ltoa.obj (.text)
                  0000a99c    00000004     --HOLE-- [fill = 0]
                  0000a9a0    00000054     sysbios.aem4f : BIOS.obj (.text:ti_sysbios_family_arm_lm4_Timer_initDevice__I)
                  0000a9f4    00000054     ti.targets.arm.rtsarm.aem4f : Assert.oem4f (.text:xdc_runtime_Assert_raise__I)
                  0000aa48    00000050     drivers_tivaware.aem4f : GPIOTiva.oem4f (.text:GPIO_setCallback)
                  0000aa98    00000050                            : GPIOTiva.oem4f (.text:GPIO_write)
                  0000aae8    00000050     driverlib.lib : sysctl.obj (.text:SysCtlPeripheralReset)
                  0000ab38    00000050     drivers_tivaware.aem4f : UARTTiva.oem4f (.text:UARTTiva_writeCancel)
                  0000ab88    00000050     sysbios.aem4f : BIOS.obj (.text:ti_sysbios_family_arm_m3_Hwi_Module_startup__E)
                  0000abd8    00000050                   : BIOS.obj (.text:ti_sysbios_knl_Clock_Instance_init__E)
                  0000ac28    00000050     ti.targets.arm.rtsarm.aem4f : Startup.oem4f (.text:xdc_runtime_Startup_exec__E)
                  0000ac78    00000050                                 : Text.oem4f (.text:xdc_runtime_Text_visitRope2__I)
                  0000acc8    0000004c     drivers_tivaware.aem4f : UARTTiva.oem4f (.text:UARTTiva_close)
                  0000ad14    0000004c     rtsv7M4_T_le_v4SPD16_eabi.lib : atoi.obj (.text)
                  0000ad60    0000004c                                   : atol.obj (.text)
                  0000adac    0000004c                                   : cpy_tbl.obj (.text)
                  0000adf8    0000004c     sysbios.aem4f : BIOS.obj (.text:ti_sysbios_heaps_HeapMem_getStats__E)
                  0000ae44    00000004     --HOLE-- [fill = 0]
                  0000ae48    0000004c                   : BIOS.obj (.text:ti_sysbios_knl_Swi_runLoop__I)
                  0000ae94    00000004     --HOLE-- [fill = 0]
                  0000ae98    0000004c                   : BIOS.obj (.text:ti_sysbios_knl_Task_allBlockedFunction__I)
                  0000aee4    00000048     driverlib.lib : gpio.obj (.text:GPIOPinConfigure)
                  0000af2c    00000048                   : i2c.obj (.text:I2CMasterInitExpClk)
                  0000af74    00000048     rtsv7M4_T_le_v4SPD16_eabi.lib : fd_toi_t2.obj (.text)
                  0000afbc    00000048                                   : vsprintf.obj (.text)
                  0000b004    00000004     --HOLE-- [fill = 0]
                  0000b008    00000048     sysbios.aem4f : BIOS.obj (.text:ti_sysbios_family_arm_lm4_Timer_enableTimers__I)
                  0000b050    00000048                   : BIOS.obj (.text:ti_sysbios_family_arm_m3_Hwi_disableInterrupt__E)
                  0000b098    00000048                   : BIOS.obj (.text:ti_sysbios_family_arm_m3_Hwi_enableInterrupt__E)
                  0000b0e0    00000048                   : BIOS.obj (.text:ti_sysbios_family_arm_m3_Hwi_excReserved__I)
                  0000b128    00000048                   : BIOS.obj (.text:ti_sysbios_knl_Mailbox_Module_startup__E)
                  0000b170    00000046     drivers_tivaware.aem4f : RingBuf.oem4f (.text:RingBuf_put)
                  0000b1b6    00000046     ti.targets.arm.rtsarm.aem4f : Core-params.oem4f (.text:xdc_runtime_Core_assignParams__I)
                  0000b1fc    00000044     drivers_tivaware.aem4f : SPITivaDMA.oem4f (.text:SPITivaDMA_hwiFxn)
                  0000b240    00000044     sysbios.aem4f : BIOS.obj (.text:ti_sysbios_family_arm_lm4_Timer_isrStub__E)
                  0000b284    00000004     --HOLE-- [fill = 0]
                  0000b288    00000044                   : BIOS.obj (.text:ti_sysbios_family_arm_m3_Hwi_getStackInfo__E)
                  0000b2cc    00000004     --HOLE-- [fill = 0]
                  0000b2d0    00000044                   : BIOS.obj (.text:ti_sysbios_knl_Swi_post__E)
                  0000b314    00000044     ti.targets.arm.rtsarm.aem4f : Error.oem4f (.text:xdc_runtime_Error_setX__E)
                  0000b358    00000044                                 : SysMin.oem4f (.text:xdc_runtime_SysMin_flush__E)
                  0000b39c    00000044                                 : Text.oem4f (.text:xdc_runtime_Text_xprintf__I)
                  0000b3e0    00000042     drivers_tivaware.aem4f : SPITivaDMA.oem4f (.text:SPITivaDMA_transferCancel)
                  0000b422    00000042     driverlib.lib : uart.obj (.text:UARTConfigSetExpClk)
                  0000b464    00000042     drivers_tivaware.aem4f : UARTTiva.oem4f (.text:UARTTiva_hwiIntFxn)
                  0000b4a6    00000042                            : UARTTiva.oem4f (.text:UARTTiva_writePolling)
                  0000b4e8    00000040     driverlib.lib : eeprom.obj (.text:EEPROMInit)
                  0000b528    00000040     drivers_tivaware.aem4f : RingBuf.oem4f (.text:RingBuf_get)
                  0000b568    00000040                            : UARTTiva.oem4f (.text:UARTTiva_read)
                  0000b5a8    00000040     rtsv7M4_T_le_v4SPD16_eabi.lib : u_divt2.obj (.text)
                  0000b5e8    00000040     sysbios.aem4f : BIOS.obj (.text:ti_sysbios_family_arm_lm4_Timer_startup__E)
                  0000b628    00000040     DTC1200_pem4f.oem4f (.text:ti_sysbios_family_arm_m3_Hwi_Object__get__S)
                  0000b668    00000040     DTC1200_pem4f.oem4f (.text:ti_sysbios_gates_GateHwi_Object__create__S)
                  0000b6a8    00000040     DTC1200_pem4f.oem4f (.text:ti_sysbios_gates_GateMutex_Object__create__S)
                  0000b6e8    00000040     sysbios.aem4f : BIOS.obj (.text:ti_sysbios_heaps_HeapMem_Instance_init__E)
                  0000b728    00000040     DTC1200_pem4f.oem4f (.text:ti_sysbios_heaps_HeapMem_Object__create__S)
                  0000b768    00000040     DTC1200_pem4f.oem4f (.text:ti_sysbios_heaps_HeapMem_Object__get__S)
                  0000b7a8    00000040     DTC1200_pem4f.oem4f (.text:ti_sysbios_knl_Mailbox_Object__get__S)
                  0000b7e8    00000040     DTC1200_pem4f.oem4f (.text:ti_sysbios_knl_Semaphore_create)
                  0000b828    00000040     DTC1200_pem4f.oem4f (.text:ti_sysbios_knl_Swi_Object__get__S)
                  0000b868    0000003e     driverlib.lib : adc.obj (.text:ADCSequenceConfigure)
                  0000b8a6    0000003e     DTC1200_pem4f.oem4f (.text:xdc_runtime_SysMin_output__I)
                  0000b8e4    0000003c     drivers_tivaware.aem4f : SPITivaDMA.oem4f (.text:SPITivaDMA_close)
                  0000b920    0000003c     driverlib.lib : ssi.obj (.text:SSIConfigSetExpClk)
                  0000b95c    0000003c                   : eeprom.obj (.text:_EEPROMSectorMaskSet)
                  0000b998    0000003c     sysbios.aem4f : BIOS.obj (.text:ti_sysbios_family_arm_m3_Hwi_excSvCall__I)
                  0000b9d4    00000004     --HOLE-- [fill = 0]
                  0000b9d8    0000003c                   : BIOS.obj (.text:ti_sysbios_heaps_HeapMem_init__I)
                  0000ba14    00000004     --HOLE-- [fill = 0]
                  0000ba18    0000003c                   : BIOS.obj (.text:ti_sysbios_knl_Swi_restore__E)
                  0000ba54    0000003c     DTC1200_pem4f.oem4f (.text:ti_sysbios_knl_Task_Object__get__S)
                  0000ba90    0000003a     drivers_tivaware.aem4f : I2CTiva.oem4f (.text:I2CTiva_completeTransfer)
                  0000baca    00000002     --HOLE-- [fill = 0]
                  0000bacc    00000038                            : I2C.oem4f (.text:I2C_init)
                  0000bb04    00000038                            : SPI.oem4f (.text:SPI_init)
                  0000bb3c    00000038                            : UART.oem4f (.text:UART_init)
                  0000bb74    00000038                            : Watchdog.oem4f (.text:Watchdog_init)
                  0000bbac    00000004     --HOLE-- [fill = 0]
                  0000bbb0    00000038     sysbios.aem4f : BIOS.obj (.text:ti_sysbios_family_arm_m3_Hwi_excNoIsr__I)
                  0000bbe8    00000038     DTC1200_pem4f.oem4f (.text:ti_sysbios_knl_Clock_construct)
                  0000bc20    00000038     DTC1200_pem4f.oem4f (.text:ti_sysbios_knl_Clock_doTick__I)
                  0000bc58    00000038     DTC1200_pem4f.oem4f (.text:ti_sysbios_knl_Queue_Object__get__S)
                  0000bc90    00000038     sysbios.aem4f : BIOS.obj (.text:ti_sysbios_knl_Task_processVitalTaskFlag__I)
                  0000bcc8    00000038     ti.targets.arm.rtsarm.aem4f : SysMin.oem4f (.text:xdc_runtime_SysMin_putch__E)
                  0000bd00    00000038                                 : System.oem4f (.text:xdc_runtime_System_atexit__E)
                  0000bd38    00000036     drivers_tivaware.aem4f : I2CTiva.oem4f (.text:I2CTiva_close)
                  0000bd6e    00000036                            : UARTTiva.oem4f (.text:UARTTiva_readCancel)
                  0000bda4    00000036     rtsv7M4_T_le_v4SPD16_eabi.lib : strncpy.obj (.text)
                  0000bdda    00000002     --HOLE-- [fill = 0]
                  0000bddc    00000034     driverlib.lib : eeprom.obj (.text:EEPROMRead)
                  0000be10    00000034                   : sysctl.obj (.text:SysCtlPeripheralEnable)
                  0000be44    00000034                   : eeprom.obj (.text:_EEPROMSectorMaskClear)
                  0000be78    00000034     sysbios.aem4f : BIOS.obj (.text:ti_sysbios_family_arm_m3_Hwi_Instance_finalize__E)
                  0000beac    00000004     --HOLE-- [fill = 0]
                  0000beb0    00000034                   : BIOS.obj (.text:ti_sysbios_family_arm_m3_Hwi_excNmi__I)
                  0000bee4    00000004     --HOLE-- [fill = 0]
                  0000bee8    00000034                   : BIOS.obj (.text:ti_sysbios_hal_Hwi_checkStack)
                  0000bf1c    00000034     DTC1200_pem4f.oem4f (.text:ti_sysbios_knl_Semaphore_construct)
                  0000bf50    00000034     ti.targets.arm.rtsarm.aem4f : Core-label.oem4f (.text:xdc_runtime_Core_assignLabel__I)
                  0000bf84    00000033                                 : Text.oem4f (.text:xdc_runtime_Text_printVisFxn__I)
                  0000bfb7    00000001     --HOLE-- [fill = 0]
                  0000bfb8    00000032     sysbios.aem4f : BIOS.obj (.text:ti_sysbios_hal_Hwi_initStack)
                  0000bfea    00000002     --HOLE-- [fill = 0]
                  0000bfec    00000030     drivers_tivaware.aem4f : I2C.oem4f (.text:I2C_open)
                  0000c01c    00000030                            : SPI.oem4f (.text:SPI_open)
                  0000c04c    00000030                            : UART.oem4f (.text:UART_open)
                  0000c07c    00000030     DTC1200_pem4f.oem4f (.text:ti_sysbios_BIOS_atExitFunc__I)
                  0000c0ac    00000030     DTC1200_pem4f.oem4f (.text:ti_sysbios_BIOS_errorRaiseHook__I)
                  0000c0dc    00000030     DTC1200_pem4f.oem4f (.text:ti_sysbios_BIOS_rtsLock__I)
                  0000c10c    00000004     --HOLE-- [fill = 0]
                  0000c110    00000030     sysbios.aem4f : BIOS.obj (.text:ti_sysbios_family_arm_lm4_Timer_stop__E)
                  0000c140    00000030                   : BIOS.obj (.text:ti_sysbios_family_arm_m3_TaskSupport_start__E)
                  0000c170    00000030                   : BIOS.obj (.text:ti_sysbios_gates_GateMutex_enter__E)
                  0000c1a0    00000030                   : BIOS.obj (.text:ti_sysbios_knl_Mailbox_postInit__I)
                  0000c1d0    00000030     DTC1200_pem4f.oem4f (.text:ti_sysbios_knl_Queue_construct)
                  0000c200    00000030     sysbios.aem4f : BIOS.obj (.text:ti_sysbios_knl_Semaphore_pendTimeout__I)
                  0000c230    00000030                   : BIOS.obj (.text:ti_sysbios_knl_Task_unblockI__E)
                  0000c260    00000030     ti.targets.arm.rtsarm.aem4f : SysMin.oem4f (.text:xdc_runtime_SysMin_abort__E)
                  0000c290    00000030                                 : System.oem4f (.text:xdc_runtime_System_processAtExit__E)
                  0000c2c0    0000002e     driverlib.lib : adc.obj (.text:ADCIntStatus)
                  0000c2ee    0000002e     rtsv7M4_T_le_v4SPD16_eabi.lib : i_tofd_t2.obj (.text)
                  0000c31c    0000002c     DTC1200_pem4f.oem4f (.text:ti_sysbios_BIOS_rtsUnlock__I)
                  0000c348    0000002c     DTC1200_pem4f.oem4f (.text:ti_sysbios_family_arm_m3_Hwi_Params__init__S)
                  0000c374    0000002c     DTC1200_pem4f.oem4f (.text:ti_sysbios_knl_Clock_Params__init__S)
                  0000c3a0    0000002c     DTC1200_pem4f.oem4f (.text:ti_sysbios_knl_Mailbox_Params__init__S)
                  0000c3cc    0000002c     DTC1200_pem4f.oem4f (.text:ti_sysbios_knl_Semaphore_Params__init__S)
                  0000c3f8    0000002c     DTC1200_pem4f.oem4f (.text:ti_sysbios_knl_Task_Params__init__S)
                  0000c424    00000004     --HOLE-- [fill = 0]
                  0000c428    0000002c     sysbios.aem4f : BIOS.obj (.text:ti_sysbios_knl_Task_restore__E)
                  0000c454    0000002c     driverlib.lib : udma.obj (.text:uDMAChannelAssign)
                  0000c480    0000002c     ti.targets.arm.rtsarm.aem4f : Text.oem4f (.text:xdc_runtime_Text_cordText__E)
                  0000c4ac    0000002a     driverlib.lib : gpio.obj (.text:GPIODirModeSet)
                  0000c4d6    0000002a     ti.targets.arm.rtsarm.aem4f : System.oem4f (.text:xdc_runtime_System_putchar__I)
                  0000c500    00000028     DTC1200_pem4f.oem4f (.text:ti_sysbios_gates_GateMutex_Object__delete__S)
                  0000c528    00000028     sysbios.aem4f : BIOS.obj (.text:ti_sysbios_knl_Clock_addI__E)
                  0000c550    00000028                   : BIOS.obj (.text:ti_sysbios_knl_Swi_Module_startup__E)
                  0000c578    00000028     DTC1200_pem4f.oem4f (.text:xdc_runtime_System_aprintf__E)
                  0000c5a0    00000028     DTC1200_pem4f.oem4f (.text:xdc_runtime_System_printf__E)
                  0000c5c8    00000026     sysbios.aem4f : m3_Hwi_asm.obj (.text:ti_sysbios_family_arm_m3_Hwi_pendSV__I)
                  0000c5ee    00000026     ti.targets.arm.rtsarm.aem4f : System.oem4f (.text:xdc_runtime_System_avprintf__E)
                  0000c614    00000024     DTC1200_pem4f.oem4f (.text:ti_sysbios_BIOS_registerRTSLock__I)
                  0000c638    00000024     DTC1200_pem4f.oem4f (.text:ti_sysbios_BIOS_startFunc__I)
                  0000c65c    00000024     DTC1200_pem4f.oem4f (.text:ti_sysbios_gates_GateHwi_Object__delete__S)
                  0000c680    00000024     DTC1200_pem4f.oem4f (.text:ti_sysbios_heaps_HeapMem_Object__delete__S)
                  0000c6a4    00000004     --HOLE-- [fill = 0]
                  0000c6a8    00000024     sysbios.aem4f : BIOS.obj (.text:ti_sysbios_knl_Clock_Module_startup__E)
                  0000c6cc    00000004     --HOLE-- [fill = 0]
                  0000c6d0    00000024                   : BIOS.obj (.text:ti_sysbios_knl_Clock_start__E)
                  0000c6f4    00000004     --HOLE-- [fill = 0]
                  0000c6f8    00000024                   : BIOS.obj (.text:ti_sysbios_knl_Semaphore_Instance_init__E)
                  0000c71c    00000004     --HOLE-- [fill = 0]
                  0000c720    00000024                   : BIOS.obj (.text:ti_sysbios_knl_Task_restoreHwi__E)
                  0000c744    00000024     driverlib.lib : udma.obj (.text:uDMAChannelControlSet)
                  0000c768    00000024     ti.targets.arm.rtsarm.aem4f : System.oem4f (.text:xdc_runtime_System_vprintf__E)
                  0000c78c    00000004     --HOLE-- [fill = 0]
                  0000c790    00000022     sysbios.aem4f : BIOS.obj (.text:ti_sysbios_family_arm_lm4_Timer_write__I)
                  0000c7b2    00000022     DTC1200_pem4f.oem4f (.text:ti_sysbios_family_arm_m3_Hwi_Handle__label__S)
                  0000c7d4    00000022     DTC1200_pem4f.oem4f (.text:ti_sysbios_gates_GateHwi_Handle__label__S)
                  0000c7f6    00000022     DTC1200_pem4f.oem4f (.text:ti_sysbios_gates_GateMutex_Handle__label__S)
                  0000c818    00000022     DTC1200_pem4f.oem4f (.text:ti_sysbios_heaps_HeapMem_Handle__label__S)
                  0000c83a    00000022     DTC1200_pem4f.oem4f (.text:ti_sysbios_knl_Swi_Handle__label__S)
                  0000c85c    00000022     DTC1200_pem4f.oem4f (.text:ti_sysbios_knl_Task_Handle__label__S)
                  0000c87e    00000002     --HOLE-- [fill = 0]
                  0000c880    00000020     DTC1200_pem4f.oem4f (.text:ti_sysbios_BIOS_removeRTSLock__I)
                  0000c8a0    00000020     DTC1200_pem4f.oem4f (.text:ti_sysbios_family_arm_m3_Hwi_Object__destruct__S)
                  0000c8c0    00000020     sysbios.aem4f : BIOS.obj (.text:ti_sysbios_family_arm_m3_Hwi_clearInterrupt__E)
                  0000c8e0    00000020                   : m3_Hwi_asm.obj (.text:ti_sysbios_family_arm_m3_Hwi_excHandlerAsm__I)
                  0000c900    00000020                   : BIOS.obj (.text:ti_sysbios_family_arm_m3_Hwi_excHandler__I)
                  0000c920    00000020     DTC1200_pem4f.oem4f (.text:ti_sysbios_knl_Clock_Object__destruct__S)
                  0000c940    00000020     sysbios.aem4f : BIOS.obj (.text:ti_sysbios_knl_Idle_run__E)
                  0000c960    00000020     DTC1200_pem4f.oem4f (.text:ti_sysbios_knl_Semaphore_Object__destruct__S)
                  0000c980    00000020     DTC1200_pem4f.oem4f (.text:xdc_runtime_IHeap_alloc)
                  0000c9a0    00000020     ti.targets.arm.rtsarm.aem4f : Registry.oem4f (.text:xdc_runtime_Registry_findById__E)
                  0000c9c0    00000020                                 : SysMin.oem4f (.text:xdc_runtime_SysMin_Module_startup__E)
                  0000c9e0    00000020     DTC1200_pem4f.oem4f (.text:xdc_runtime_Text_visitRope__I)
                  0000ca00    0000001e     driverlib.lib : adc.obj (.text:ADCSequenceDataGet)
                  0000ca1e    0000001e     sysbios.aem4f : m3_Hwi_asm_switch.obj (.text:ti_sysbios_family_xxx_Hwi_switchAndRunFunc)
                  0000ca3c    0000001e     DTC1200_pem4f.oem4f (.text:ti_sysbios_knl_Task_SupportProxy_start__E)
                  0000ca5a    0000001e     DTC1200_pem4f.oem4f (.text:xdc_runtime_Memory_HeapProxy_alloc__E)
                  0000ca78    0000001c     driverlib.lib : uart.obj (.text:UARTDisable)
                  0000ca94    0000001c     drivers_tivaware.aem4f : WatchdogTiva.oem4f (.text:WatchdogTiva_setReload)
                  0000cab0    0000001c                            : GPIOTiva.oem4f (.text:getGpioIntIndex)
                  0000cacc    0000001c     rtsv7M4_T_le_v4SPD16_eabi.lib : memccpy.obj (.text)
                  0000cae8    0000001c     DTC1200_pem4f.oem4f (.text:ti_sysbios_family_arm_lm4_Timer_Module__startupDone__F)
                  0000cb04    0000001c     DTC1200_pem4f.oem4f (.text:ti_sysbios_family_arm_m3_Hwi_Module__startupDone__F)
                  0000cb20    0000001c     sysbios.aem4f : BIOS.obj (.text:ti_sysbios_gates_GateMutex_Instance_init__E)
                  0000cb3c    00000004     --HOLE-- [fill = 0]
                  0000cb40    0000001c                   : BIOS.obj (.text:ti_sysbios_knl_Clock_Instance_finalize__E)
                  0000cb5c    0000001c     DTC1200_pem4f.oem4f (.text:ti_sysbios_knl_Queue_Object__destruct__S)
                  0000cb78    0000001c     sysbios.aem4f : BIOS.obj (.text:ti_sysbios_knl_Queue_get__E)
                  0000cb94    00000004     --HOLE-- [fill = 0]
                  0000cb98    0000001c                   : BIOS.obj (.text:ti_sysbios_knl_Queue_put__E)
                  0000cbb4    00000004     --HOLE-- [fill = 0]
                  0000cbb8    0000001c                   : BIOS.obj (.text:ti_sysbios_knl_Task_enter__I)
                  0000cbd4    0000001c     ti.targets.arm.rtsarm.aem4f : Error.oem4f (.text:xdc_runtime_Error_raiseX__E)
                  0000cbf0    0000001c                                 : Memory.oem4f (.text:xdc_runtime_Memory_valloc__E)
                  0000cc0c    0000001c     DTC1200_pem4f.oem4f (.text:xdc_runtime_Startup_exec__I)
                  0000cc28    0000001c     ti.targets.arm.rtsarm.aem4f : SysMin.oem4f (.text:xdc_runtime_SysMin_exit__E)
                  0000cc44    0000001c                                 : System.oem4f (.text:xdc_runtime_System_abort__E)
                  0000cc60    0000001a     DTC1200_pem4f.oem4f (.text:xdc_runtime_IHeap_free)
                  0000cc7a    00000018     driverlib.lib : adc.obj (.text:ADCProcessorTrigger)
                  0000cc92    00000018                   : gpio.obj (.text:GPIOPinTypeGPIOOutput)
                  0000ccaa    00000002     --HOLE-- [fill = 0]
                  0000ccac    00000018     drivers_tivaware.aem4f : UART.oem4f (.text:UART_Params_init)
                  0000ccc4    00000018     rtsv7M4_T_le_v4SPD16_eabi.lib : args_main.obj (.text)
                  0000ccdc    00000018                                   : strcmp.obj (.text)
                  0000ccf4    00000004     --HOLE-- [fill = 0]
                  0000ccf8    00000018     sysbios.aem4f : BIOS.obj (.text:ti_sysbios_family_arm_m3_Hwi_plug__E)
                  0000cd10    00000018                   : m3_TaskSupport_asm.obj (.text:ti_sysbios_family_arm_m3_TaskSupport_swap__E)
                  0000cd28    00000018                   : BIOS.obj (.text:ti_sysbios_gates_GateMutex_leave__E)
                  0000cd40    00000018                   : BIOS.obj (.text:ti_sysbios_knl_Task_sleepTimeout__I)
                  0000cd58    00000018     driverlib.lib : udma.obj (.text:uDMAChannelDisable)
                  0000cd70    00000018                   : udma.obj (.text:uDMAChannelEnable)
                  0000cd88    00000018                   : udma.obj (.text:uDMAChannelIsEnabled)
                  0000cda0    00000018     ti.targets.arm.rtsarm.aem4f : Error.oem4f (.text:xdc_runtime_Error_check__E)
                  0000cdb8    00000018                                 : System.oem4f (.text:xdc_runtime_System_exit__E)
                  0000cdd0    00000018                                 : Text.oem4f (.text:xdc_runtime_Text_ropeText__E)
                  0000cde8    00000016     driverlib.lib : i2c.obj (.text:I2CMasterErr)
                  0000cdfe    00000016                   : timer.obj (.text:TimerControlEvent)
                  0000ce14    00000016     rtsv7M4_T_le_v4SPD16_eabi.lib : strchr.obj (.text)
                  0000ce2a    00000016     DTC1200_pem4f.oem4f (.text:ti_sysbios_BIOS_exitFunc__I)
                  0000ce40    00000016     sysbios.aem4f : BIOS.obj (.text:ti_sysbios_knl_Task_unblock__E)
                  0000ce56    00000002     --HOLE-- [fill = 0]
                  0000ce58    00000014     driverlib.lib : eeprom.obj (.text:EEPROMSizeGet)
                  0000ce6c    00000014     drivers_tivaware.aem4f : SPI.oem4f (.text:SPI_Params_init)
                  0000ce80    00000014     driverlib.lib : uart.obj (.text:UARTEnable)
                  0000ce94    00000014     rtsv7M4_T_le_v4SPD16_eabi.lib : _lock.obj (.text)
                  0000cea8    00000014                                   : s_copysign.obj (.text)
                  0000cebc    00000014                                   : strcpy.obj (.text)
                  0000ced0    00000014                                   : strlen.obj (.text)
                  0000cee4    00000004     --HOLE-- [fill = 0]
                  0000cee8    00000014     sysbios.aem4f : BIOS.obj (.text:ti_sysbios_family_arm_m3_Hwi_switchFromBootStack__E)
                  0000cefc    00000014     DTC1200_pem4f.oem4f (.text:ti_sysbios_hal_Hwi_HwiProxy_getStackInfo__E)
                  0000cf10    00000014     DTC1200_pem4f.oem4f (.text:ti_sysbios_knl_Clock_Module_State_clockQ)
                  0000cf24    00000014     DTC1200_pem4f.oem4f (.text:xdc_runtime_Memory_HeapProxy_free__E)
                  0000cf38    00000012     driverlib.lib : gpio.obj (.text:GPIOPinTypeADC)
                  0000cf4a    00000012                   : gpio.obj (.text:GPIOPinTypeGPIOInput)
                  0000cf5c    00000012                   : gpio.obj (.text:GPIOPinTypeI2C)
                  0000cf6e    00000012                   : gpio.obj (.text:GPIOPinTypeI2CSCL)
                  0000cf80    00000012                   : gpio.obj (.text:GPIOPinTypeQEI)
                  0000cf92    00000012                   : gpio.obj (.text:GPIOPinTypeSSI)
                  0000cfa4    00000012                   : gpio.obj (.text:GPIOPinTypeTimer)
                  0000cfb6    00000012                   : gpio.obj (.text:GPIOPinTypeUART)
                  0000cfc8    00000012     drivers_tivaware.aem4f : RingBuf.oem4f (.text:RingBuf_construct)
                  0000cfda    00000012     driverlib.lib : ssi.obj (.text:SSIDataGetNonBlocking)
                  0000cfec    00000012                   : timer.obj (.text:TimerLoadSet)
                  0000cffe    00000012                   : timer.obj (.text:TimerMatchSet)
                  0000d010    00000012                   : timer.obj (.text:TimerPrescaleSet)
                  0000d022    00000006                   : i2c.obj (.text:I2CMasterIntDisable)
                  0000d028    00000012     sysbios.aem4f : BIOS.obj (.text:ti_sysbios_hal_Hwi_Module_startup__E)
                  0000d03a    00000002     --HOLE-- [fill = 0]
                  0000d03c    00000010     DTC1200_pem4f.oem4f (.text:.bootCodeSection:ti_catalog_arm_cortexm4_tiva_ce_Boot_init__I)
                  0000d04c    00000010     drivers_tivaware.aem4f : I2C.oem4f (.text:I2C_Params_init)
                  0000d05c    00000010     driverlib.lib : interrupt.obj (.text:IntMasterDisable)
                  0000d06c    00000010                   : interrupt.obj (.text:IntMasterEnable)
                  0000d07c    00000010                   : qei.obj (.text:QEIVelocityConfigure)
                  0000d08c    00000010                   : eeprom.obj (.text:_EEPROMWaitForDone)
                  0000d09c    00000010     drivers_tivaware.aem4f : UARTTiva.oem4f (.text:readBlockingTimeout)
                  0000d0ac    00000010     rtsv7M4_T_le_v4SPD16_eabi.lib : isalpha.obj (.text)
                  0000d0bc    00000010                                   : isdigit.obj (.text)
                  0000d0cc    00000010                                   : tolower.obj (.text)
                  0000d0dc    00000010                                   : toupper.obj (.text)
                  0000d0ec    00000010     DTC1200_pem4f.oem4f (.text:ti_sysbios_BIOS_RtsGateProxy_leave__E)
                  0000d0fc    00000004     --HOLE-- [fill = 0]
                  0000d100    00000010     sysbios.aem4f : BIOS.obj (.text:ti_sysbios_BIOS_getCpuFreq__E)
                  0000d110    00000010                   : BIOS.obj (.text:ti_sysbios_BIOS_setThreadType__E)
                  0000d120    00000010                   : BIOS.obj (.text:ti_sysbios_BIOS_start__E)
                  0000d130    00000010                   : m3_TaskSupport_asm.obj (.text:ti_sysbios_family_arm_m3_TaskSupport_glue)
                  0000d140    00000010                   : BIOS.obj (.text:ti_sysbios_gates_GateMutex_Instance_finalize__E)
                  0000d150    00000010     DTC1200_pem4f.oem4f (.text:ti_sysbios_heaps_HeapMem_Module_GateProxy_leave__E)
                  0000d160    00000010     sysbios.aem4f : BIOS.obj (.text:ti_sysbios_knl_Semaphore_Instance_finalize__E)
                  0000d170    00000010                   : BIOS.obj (.text:ti_sysbios_knl_Swi_disable__E)
                  0000d180    00000010     DTC1200_pem4f.oem4f (.text:ti_sysbios_knl_Task_SupportProxy_checkStack__E)
                  0000d190    00000010     DTC1200_pem4f.oem4f (.text:ti_sysbios_knl_Task_SupportProxy_swap__E)
                  0000d1a0    00000010     sysbios.aem4f : BIOS.obj (.text:ti_sysbios_knl_Task_disable__E)
                  0000d1b0    00000010     driverlib.lib : udma.obj (.text:uDMAEnable)
                  0000d1c0    00000010     ti.targets.arm.rtsarm.aem4f : Gate.oem4f (.text:xdc_runtime_Gate_leaveSystem__E)
                  0000d1d0    00000010     DTC1200_pem4f.oem4f (.text:xdc_runtime_Main_Module_GateProxy_leave__E)
                  0000d1e0    00000010     ti.targets.arm.rtsarm.aem4f : Memory.oem4f (.text:xdc_runtime_Memory_free__E)
                  0000d1f0    00000010                                 : SysMin.oem4f (.text:xdc_runtime_SysMin_ready__E)
                  0000d200    00000010     DTC1200_pem4f.oem4f (.text:xdc_runtime_System_Module_GateProxy_leave__E)
                  0000d210    00000010     DTC1200_pem4f.oem4f (.text:xdc_runtime_System_SupportProxy_putch__E)
                  0000d220    00000010     ti.targets.arm.rtsarm.aem4f : System.oem4f (.text:xdc_runtime_System_vsnprintf__E)
                  0000d230    0000000e     driverlib.lib : adc.obj (.text:ADCSequenceEnable)
                  0000d23e    0000000e                   : gpio.obj (.text:GPIOIntStatus)
                  0000d24c    0000000e                   : qei.obj (.text:QEIConfigure)
                  0000d25a    0000000e                   : qei.obj (.text:QEIDirectionGet)
                  0000d268    0000000e                   : timer.obj (.text:TimerEnable)
                  0000d276    0000000e                   : uart.obj (.text:UARTCharGetNonBlocking)
                  0000d284    0000000e                   : uart.obj (.text:UARTCharPutNonBlocking)
                  0000d292    0000000e                   : watchdog.obj (.text:WatchdogStallDisable)
                  0000d2a0    0000000e                   : watchdog.obj (.text:WatchdogStallEnable)
                  0000d2ae    0000000e     rtsv7M4_T_le_v4SPD16_eabi.lib : copy_decompress_none.obj (.text:decompress:none)
                  0000d2bc    00000004     --HOLE-- [fill = 0]
                  0000d2c0    0000000e     sysbios.aem4f : BIOS.obj (.text:ti_sysbios_knl_Idle_loop__E)
                  0000d2ce    00000002     --HOLE-- [fill = 0]
                  0000d2d0    0000000e                   : BIOS.obj (.text:ti_sysbios_knl_Queue_empty__E)
                  0000d2de    0000000c     driverlib.lib : cpu.obj (.text:CPUcpsid)
                  0000d2ea    0000000c                   : cpu.obj (.text:CPUcpsie)
                  0000d2f6    0000000c     drivers_tivaware.aem4f : RingBuf.oem4f (.text:RingBuf_peek)
                  0000d302    0000000c     driverlib.lib : uart.obj (.text:UARTFlowControlSet)
                  0000d30e    0000000c     drivers_tivaware.aem4f : UARTTiva.oem4f (.text:UARTTiva_init)
                  0000d31a    00000002     --HOLE-- [fill = 0]
                  0000d31c    0000000c     driverlib.lib : watchdog.obj (.text:WatchdogUnlock)
                  0000d328    0000000c     rtsv7M4_T_le_v4SPD16_eabi.lib : copy_zero_init.obj (.text:decompress:ZI)
                  0000d334    0000000c     DTC1200_pem4f.oem4f (.text:ti_sysbios_BIOS_RtsGateProxy_enter__E)
                  0000d340    0000000c     sysbios.aem4f : BIOS.obj (.text:ti_sysbios_family_arm_lm4_Timer_getMaxTicks__E)
                  0000d34c    0000000c     DTC1200_pem4f.oem4f (.text:ti_sysbios_family_arm_m3_Hwi_destruct)
                  0000d358    0000000c     sysbios.aem4f : BIOS.obj (.text:ti_sysbios_family_arm_m3_Hwi_disableFxn__E)
                  0000d364    00000004     --HOLE-- [fill = 0]
                  0000d368    0000000c                   : BIOS.obj (.text:ti_sysbios_family_arm_m3_TaskSupport_checkStack__E)
                  0000d374    00000004     --HOLE-- [fill = 0]
                  0000d378    0000000c                   : BIOS.obj (.text:ti_sysbios_family_arm_m3_TaskSupport_getStackAlignment__E)
                  0000d384    00000004     --HOLE-- [fill = 0]
                  0000d388    0000000c                   : BIOS.obj (.text:ti_sysbios_gates_GateHwi_enter__E)
                  0000d394    0000000c     DTC1200_pem4f.oem4f (.text:ti_sysbios_heaps_HeapMem_Module_GateProxy_enter__E)
                  0000d3a0    0000000c     DTC1200_pem4f.oem4f (.text:ti_sysbios_heaps_HeapMem_Module_GateProxy_query__E)
                  0000d3ac    0000000c     DTC1200_pem4f.oem4f (.text:ti_sysbios_knl_Clock_TimerProxy_getMaxTicks__E)
                  0000d3b8    0000000c     DTC1200_pem4f.oem4f (.text:ti_sysbios_knl_Clock_destruct)
                  0000d3c4    0000000c     DTC1200_pem4f.oem4f (.text:ti_sysbios_knl_Queue_destruct)
                  0000d3d0    0000000c     DTC1200_pem4f.oem4f (.text:ti_sysbios_knl_Semaphore_destruct)
                  0000d3dc    0000000c     driverlib.lib : udma.obj (.text:uDMAControlBaseSet)
                  0000d3e8    0000000c                   : udma.obj (.text:uDMAErrorStatusClear)
                  0000d3f4    0000000c                   : udma.obj (.text:uDMAErrorStatusGet)
                  0000d400    0000000c                   : udma.obj (.text:uDMAIntStatus)
                  0000d40c    0000000c     DTC1200_pem4f.oem4f (.text:xdc_iargToPtr)
                  0000d418    0000000c     ti.targets.arm.rtsarm.aem4f : Error.oem4f (.text:xdc_runtime_Error_init__E)
                  0000d424    0000000c                                 : Gate.oem4f (.text:xdc_runtime_Gate_enterSystem__E)
                  0000d430    0000000c     DTC1200_pem4f.oem4f (.text:xdc_runtime_Main_Module_GateProxy_enter__E)
                  0000d43c    0000000c     ti.targets.arm.rtsarm.aem4f : Memory.oem4f (.text:xdc_runtime_Memory_calloc__E)
                  0000d448    0000000c                                 : Memory.oem4f (.text:xdc_runtime_Memory_getMaxDefaultTypeAlign__E)
                  0000d454    0000000c     DTC1200_pem4f.oem4f (.text:xdc_runtime_System_Module_GateProxy_enter__E)
                  0000d460    0000000c     DTC1200_pem4f.oem4f (.text:xdc_runtime_System_SupportProxy_abort__E)
                  0000d46c    0000000c     DTC1200_pem4f.oem4f (.text:xdc_runtime_System_SupportProxy_exit__E)
                  0000d478    0000000a     driverlib.lib : adc.obj (.text:ADCIntClear)
                  0000d482    0000000a                   : i2c.obj (.text:I2CMasterDisable)
                  0000d48c    0000000a                   : i2c.obj (.text:I2CMasterEnable)
                  0000d496    0000000a     drivers_tivaware.aem4f : I2CTiva.oem4f (.text:I2CTiva_init)
                  0000d4a0    0000000a     driverlib.lib : qei.obj (.text:QEIEnable)
                  0000d4aa    0000000a                   : qei.obj (.text:QEIIntStatus)
                  0000d4b4    0000000a                   : qei.obj (.text:QEIVelocityEnable)
                  0000d4be    0000000a     drivers_tivaware.aem4f : SPITivaDMA.oem4f (.text:SPITivaDMA_init)
                  0000d4c8    0000000a                            : SPI.oem4f (.text:SPI_transfer)
                  0000d4d2    0000000a     driverlib.lib : ssi.obj (.text:SSIDMADisable)
                  0000d4dc    0000000a                   : ssi.obj (.text:SSIDisable)
                  0000d4e6    0000000a                   : ssi.obj (.text:SSIEnable)
                  0000d4f0    0000000a                   : ssi.obj (.text:SSIIntDisable)
                  0000d4fa    0000000a                   : timer.obj (.text:TimerValueGet)
                  0000d504    0000000a                   : uart.obj (.text:UARTCharGet)
                  0000d50e    0000000a                   : uart.obj (.text:UARTCharPut)
                  0000d518    0000000a                   : uart.obj (.text:UARTIntDisable)
                  0000d522    0000000a                   : uart.obj (.text:UARTIntStatus)
                  0000d52c    0000000a     drivers_tivaware.aem4f : UART.oem4f (.text:UART_read)
                  0000d536    0000000a                            : UART.oem4f (.text:UART_write)
                  0000d540    0000000a     driverlib.lib : watchdog.obj (.text:WatchdogEnable)
                  0000d54a    0000000a                   : watchdog.obj (.text:WatchdogResetDisable)
                  0000d554    0000000a                   : watchdog.obj (.text:WatchdogResetEnable)
                  0000d55e    00000008                   : i2c.obj (.text:I2CMasterIntClear)
                  0000d566    00000008                   : i2c.obj (.text:I2CMasterSlaveAddrSet)
                  0000d56e    00000008     drivers_tivaware.aem4f : I2CTiva.oem4f (.text:I2CTiva_blockingCallback)
                  0000d576    00000008     driverlib.lib : ssi.obj (.text:SSIDMAEnable)
                  0000d57e    00000008                   : ssi.obj (.text:SSIIntEnable)
                  0000d586    00000008                   : timer.obj (.text:TimerIntEnable)
                  0000d58e    00000008                   : uart.obj (.text:UARTIntEnable)
                  0000d596    00000008                   : uart.obj (.text:UARTRxErrorGet)
                  0000d59e    00000008                   : watchdog.obj (.text:WatchdogLock)
                  0000d5a6    00000008     drivers_tivaware.aem4f : WatchdogTiva.oem4f (.text:WatchdogTiva_clear)
                  0000d5ae    00000008                            : WatchdogTiva.oem4f (.text:WatchdogTiva_init)
                  0000d5b6    00000008                            : UARTTiva.oem4f (.text:readSemCallback)
                  0000d5be    00000008     DTC1200_pem4f.oem4f (.text:ti_sysbios_family_arm_lm4_Timer_Module__startupDone__S)
                  0000d5c6    00000008     sysbios.aem4f : BIOS.obj (.text:ti_sysbios_family_arm_lm4_Timer_masterDisable__I)
                  0000d5ce    00000008     DTC1200_pem4f.oem4f (.text:ti_sysbios_family_arm_m3_Hwi_Module__startupDone__S)
                  0000d5d6    00000002     --HOLE-- [fill = 0]
                  0000d5d8    00000008     sysbios.aem4f : BIOS.obj (.text:ti_sysbios_family_arm_m3_Hwi_doSwiRestore__I)
                  0000d5e0    00000008                   : BIOS.obj (.text:ti_sysbios_family_arm_m3_Hwi_startup__E)
                  0000d5e8    00000008     DTC1200_pem4f.oem4f (.text:ti_sysbios_hal_Hwi_HwiProxy_Module__startupDone__S)
                  0000d5f0    00000008     DTC1200_pem4f.oem4f (.text:ti_sysbios_hal_Hwi_HwiProxy_startup__E)
                  0000d5f8    00000008     DTC1200_pem4f.oem4f (.text:ti_sysbios_hal_Hwi_HwiProxy_switchFromBootStack__E)
                  0000d600    00000008     DTC1200_pem4f.oem4f (.text:ti_sysbios_knl_Clock_TimerProxy_Module__startupDone__S)
                  0000d608    00000008     DTC1200_pem4f.oem4f (.text:ti_sysbios_knl_Task_SupportProxy_Module__startupDone__S)
                  0000d610    00000008     DTC1200_pem4f.oem4f (.text:ti_sysbios_knl_Task_SupportProxy_getStackAlignment__E)
                  0000d618    00000008     drivers_tivaware.aem4f : UARTTiva.oem4f (.text:writeSemCallback)
                  0000d620    00000008     DTC1200_pem4f.oem4f (.text:xdc_runtime_System_SupportProxy_ready__E)
                  0000d628    00000006     driverlib.lib : i2c.obj (.text:I2CMasterIntEnable)
                  0000d62e    00000006     drivers_tivaware.aem4f : I2CTiva.oem4f (.text:I2CTiva_control)
                  0000d634    00000006                            : SPITivaDMA.oem4f (.text:SPITivaDMA_control)
                  0000d63a    00000006                            : SPITivaDMA.oem4f (.text:SPITivaDMA_transferCallback)
                  0000d640    00000006     driverlib.lib : sysctl.obj (.text:SysCtlDelay)
                  0000d646    00000006                   : uart.obj (.text:UARTFIFOLevelSet)
                  0000d64c    00000006                   : uart.obj (.text:UARTRxErrorClear)
                  0000d652    00000006                   : watchdog.obj (.text:WatchdogIntClear)
                  0000d658    00000006     drivers_tivaware.aem4f : WatchdogTiva.oem4f (.text:WatchdogTiva_control)
                  0000d65e    00000006     Boot.aem4f : Boot_sysctl.oem4f (.text:ti_catalog_arm_cortexm4_tiva_ce_Boot_sysCtlDelayI__I)
                  0000d664    00000004     --HOLE-- [fill = 0]
                  0000d668    00000006     sysbios.aem4f : BIOS.obj (.text:ti_sysbios_family_arm_m3_Hwi_doTaskRestore__I)
                  0000d66e    00000002     --HOLE-- [fill = 0]
                  0000d670    00000006                   : BIOS.obj (.text:ti_sysbios_family_arm_m3_Hwi_restoreFxn__E)
                  0000d676    00000002     --HOLE-- [fill = 0]
                  0000d678    00000006                   : BIOS.obj (.text:ti_sysbios_gates_GateHwi_leave__E)
                  0000d67e    00000002     --HOLE-- [fill = 0]
                  0000d680    00000006                   : BIOS.obj (.text:ti_sysbios_heaps_HeapMem_isBlocking__E)
                  0000d686    00000002     --HOLE-- [fill = 0]
                  0000d688    00000006                   : BIOS.obj (.text:ti_sysbios_knl_Clock_stop__E)
                  0000d68e    00000002     --HOLE-- [fill = 0]
                  0000d690    00000006                   : BIOS.obj (.text:ti_sysbios_knl_Queue_Instance_init__E)
                  0000d696    00000002     --HOLE-- [fill = 0]
                  0000d698    00000006                   : BIOS.obj (.text:ti_sysbios_knl_Swi_startup__E)
                  0000d69e    00000006     ti.targets.arm.rtsarm.aem4f : System.oem4f (.text:xdc_runtime_System_Module_startup__E)
                  0000d6a4    00000004     --HOLE-- [fill = 0]
                  0000d6a8    00000004     sysbios.aem4f : BIOS.obj (.text:ti_sysbios_gates_GateHwi_query__E)
                  0000d6ac    00000004     --HOLE-- [fill = 0]
                  0000d6b0    00000004                   : BIOS.obj (.text:ti_sysbios_gates_GateMutex_query__E)
                  0000d6b4    00000004     --HOLE-- [fill = 0]
                  0000d6b8    00000004                   : BIOS.obj (.text:ti_sysbios_knl_Task_startup__E)
                  0000d6bc    00000004     --HOLE-- [fill = 0]
                  0000d6c0    00000002                   : BIOS.obj (.text:ti_sysbios_gates_GateHwi_Instance_init__E)
                  0000d6c2    00000006     --HOLE-- [fill = 0]
                  0000d6c8    00000002                   : BIOS.obj (.text:ti_sysbios_knl_Clock_logTick__E)

.const     0    0000d6cc    000029e0     
                  0000d6cc    000018f6     DTC1200_pem4f.oem4f (.const:xdc_runtime_Text_charTab__A)
                  0000efc2    00000002     DTC1200_pem4f.oem4f (.const:ti_catalog_arm_cortexm4_tiva_ce_Boot_Module__id__C)
                  0000efc4    000004b0     TerminalTask.obj (.const:.string)
                  0000f474    00000101     rtsv7M4_T_le_v4SPD16_eabi.lib : ctype.obj (.const:.string:_ctypes_)
                  0000f575    00000001     DTC1200_pem4f.oem4f (.const:xdc_runtime_Error_policy__C)
                  0000f576    000000c4     DTC1200_pem4f.oem4f (.const:xdc_runtime_Text_nodeTab__A)
                  0000f63a    00000002     DTC1200_pem4f.oem4f (.const:ti_sysbios_family_arm_m3_Hwi_Module__id__C)
                  0000f63c    00000090     driverlib.lib : gpio.obj (.const:g_pui32GPIOBaseAddrs)
                  0000f6cc    00000078     DTC1200_TivaTM4C123AE6PMI.obj (.const:spiTivaDMAHWAttrs)
                  0000f744    0000006c     driverlib.lib : sysctl.obj (.const:g_pui32Xtals)
                  0000f7b0    00000064     drivers_tivaware.aem4f : SPITivaDMA.oem4f (.const)
                  0000f814    00000054                            : GPIOTiva.oem4f (.const:.string)
                  0000f868    0000004c                            : UARTTiva.oem4f (.const)
                  0000f8b4    00000048     DTC1200_pem4f.oem4f (.const:.string)
                  0000f8fc    00000048     drivers_tivaware.aem4f : GPIOTiva.oem4f (.const:gpioBaseAddresses)
                  0000f944    00000048     DTC1200_TivaTM4C123AE6PMI.obj (.const:uartTivaHWAttrs)
                  0000f98c    0000003c     DTC1200_pem4f.oem4f (.const:ti_sysbios_knl_Task_Object__PARAMS__C)
                  0000f9c8    00000037     Diag.obj (.const:s_lamp)
                  0000f9ff    00000001     --HOLE-- [fill = 0]
                  0000fa00    00000034     DTC1200_pem4f.oem4f (.const:ti_sysbios_knl_Mailbox_Object__PARAMS__C)
                  0000fa34    00000030     DTC1200_TivaTM4C123AE6PMI.obj (.const:SPI_config)
                  0000fa64    00000030     DTC1200_TivaTM4C123AE6PMI.obj (.const:UART_config)
                  0000fa94    00000030     DTC1200_pem4f.oem4f (.const:ti_sysbios_family_arm_m3_Hwi_Object__PARAMS__C)
                  0000fac4    0000002c     Diag.obj (.const:s_trans)
                  0000faf0    00000028     drivers_tivaware.aem4f : UARTTiva.oem4f (.const:UARTTiva_fxnTable)
                  0000fb18    00000028     DTC1200_pem4f.oem4f (.const:ti_sysbios_heaps_HeapMem_Module__FXNS__C)
                  0000fb40    00000024     DTC1200_TivaTM4C123AE6PMI.obj (.const:I2C_config)
                  0000fb64    00000024     drivers_tivaware.aem4f : UART.oem4f (.const:UART_defaultParams)
                  0000fb88    00000024     DTC1200_pem4f.oem4f (.const:ti_sysbios_gates_GateHwi_Module__FXNS__C)
                  0000fbac    00000024     DTC1200_pem4f.oem4f (.const:ti_sysbios_gates_GateMutex_Module__FXNS__C)
                  0000fbd0    00000024     DTC1200_pem4f.oem4f (.const:ti_sysbios_heaps_HeapMem_Object__PARAMS__C)
                  0000fbf4    00000024     DTC1200_pem4f.oem4f (.const:ti_sysbios_knl_Clock_Object__PARAMS__C)
                  0000fc18    00000024     DTC1200_pem4f.oem4f (.const:ti_sysbios_knl_Semaphore_Object__PARAMS__C)
                  0000fc3c    00000024     DTC1200_pem4f.oem4f (.const:xdc_runtime_Startup_sfxnTab__A)
                  0000fc60    00000020     drivers_tivaware.aem4f : SPI.oem4f (.const)
                  0000fc80    00000020     DTC1200_pem4f.oem4f (.const:ti_sysbios_family_arm_m3_Hwi_Object__DESC__C)
                  0000fca0    00000020     DTC1200_pem4f.oem4f (.const:ti_sysbios_gates_GateHwi_Object__DESC__C)
                  0000fcc0    00000020     DTC1200_pem4f.oem4f (.const:ti_sysbios_gates_GateMutex_Object__DESC__C)
                  0000fce0    00000020     DTC1200_pem4f.oem4f (.const:ti_sysbios_heaps_HeapMem_Object__DESC__C)
                  0000fd00    00000020     DTC1200_pem4f.oem4f (.const:ti_sysbios_knl_Clock_Object__DESC__C)
                  0000fd20    00000020     DTC1200_pem4f.oem4f (.const:ti_sysbios_knl_Mailbox_Object__DESC__C)
                  0000fd40    00000020     DTC1200_pem4f.oem4f (.const:ti_sysbios_knl_Queue_Object__DESC__C)
                  0000fd60    00000020     DTC1200_pem4f.oem4f (.const:ti_sysbios_knl_Semaphore_Object__DESC__C)
                  0000fd80    00000020     DTC1200_pem4f.oem4f (.const:ti_sysbios_knl_Task_Object__DESC__C)
                  0000fda0    0000001c     drivers_tivaware.aem4f : I2CTiva.oem4f (.const)
                  0000fdbc    0000001a     Diag.obj (.const:.string:s_startstr)
                  0000fdd6    00000002     DTC1200_pem4f.oem4f (.const:ti_sysbios_hal_Hwi_Module__id__C)
                  0000fdd8    00000018     DTC1200_TivaTM4C123AE6PMI.obj (.const:Watchdog_config)
                  0000fdf0    00000018     drivers_tivaware.aem4f : WatchdogTiva.oem4f (.const)
                  0000fe08    00000018     DTC1200_TivaTM4C123AE6PMI.obj (.const:i2cTivaHWAttrs)
                  0000fe20    00000018     DTC1200_pem4f.oem4f (.const:ti_sysbios_gates_GateHwi_Object__PARAMS__C)
                  0000fe38    00000018     DTC1200_pem4f.oem4f (.const:ti_sysbios_gates_GateMutex_Object__PARAMS__C)
                  0000fe50    00000018     DTC1200_pem4f.oem4f (.const:ti_sysbios_knl_Queue_Object__PARAMS__C)
                  0000fe68    00000017     Diag.obj (.const:.string:s_waitstr)
                  0000fe7f    00000001     --HOLE-- [fill = 0]
                  0000fe80    00000014     DTC1200_TivaTM4C123AE6PMI.obj (.const:GPIOTiva_config)
                  0000fe94    00000014     DTC1200_pem4f.oem4f (.const:xdc_runtime_Startup_firstFxns__A)
                  0000fea8    00000012     DTC1200_pem4f.oem4f (.const:xdc_runtime_Startup_sfxnRts__A)
                  0000feba    00000002     DTC1200_pem4f.oem4f (.const:ti_sysbios_heaps_HeapMem_Module__id__C)
                  0000febc    00000010     drivers_tivaware.aem4f : I2C.oem4f (.const)
                  0000fecc    00000010     DTC1200_TivaTM4C123AE6PMI.obj (.const:watchdogTivaHWAttrs)
                  0000fedc    00000008     TerminalTask.obj (.const:.string:s_inv_on)
                  0000fee4    00000008     TerminalTask.obj (.const:.string:s_ul_on)
                  0000feec    00000008     DTC1200_pem4f.oem4f (.const:ti_sysbios_family_arm_m3_Hwi_excHookFuncs__A)
                  0000fef4    00000008     DTC1200_pem4f.oem4f (.const:ti_sysbios_knl_Idle_funcList__C)
                  0000fefc    00000008     DTC1200_pem4f.oem4f (.const:xdc_runtime_Startup_firstFxns__C)
                  0000ff04    00000008     DTC1200_pem4f.oem4f (.const:xdc_runtime_Startup_lastFxns__C)
                  0000ff0c    00000005     TerminalTask.obj (.const:.string:s_inv_off)
                  0000ff11    00000005     Diag.obj (.const:.string:s_lamp$1)
                  0000ff16    00000005     TerminalTask.obj (.const:.string:s_ul_off)
                  0000ff1b    00000001     --HOLE-- [fill = 0]
                  0000ff1c    00000004     DTC1200_pem4f.oem4f (.const:ti_catalog_arm_cortexm4_tiva_ce_Boot_A_mustUseEnhancedClockMode__C)
                  0000ff20    00000004     DTC1200_pem4f.oem4f (.const:ti_catalog_arm_cortexm4_tiva_ce_Boot_Module__diagsEnabled__C)
                  0000ff24    00000004     DTC1200_pem4f.oem4f (.const:ti_catalog_arm_cortexm4_tiva_ce_Boot_Module__diagsIncluded__C)
                  0000ff28    00000004     DTC1200_pem4f.oem4f (.const:ti_catalog_arm_cortexm4_tiva_ce_Boot_Module__diagsMask__C)
                  0000ff2c    00000004     DTC1200_pem4f.oem4f (.const:ti_sysbios_BIOS_installedErrorHook__C)
                  0000ff30    00000004     DTC1200_pem4f.oem4f (.const:ti_sysbios_family_arm_lm4_Timer_enableFunc__C)
                  0000ff34    00000004     DTC1200_pem4f.oem4f (.const:ti_sysbios_family_arm_lm4_Timer_numTimerDevices__C)
                  0000ff38    00000004     DTC1200_pem4f.oem4f (.const:ti_sysbios_family_arm_lm4_Timer_startupNeeded__C)
                  0000ff3c    00000004     DTC1200_pem4f.oem4f (.const:ti_sysbios_family_arm_m3_Hwi_E_NMI__C)
                  0000ff40    00000004     DTC1200_pem4f.oem4f (.const:ti_sysbios_family_arm_m3_Hwi_E_alreadyDefined__C)
                  0000ff44    00000004     DTC1200_pem4f.oem4f (.const:ti_sysbios_family_arm_m3_Hwi_E_busFault__C)
                  0000ff48    00000004     DTC1200_pem4f.oem4f (.const:ti_sysbios_family_arm_m3_Hwi_E_debugMon__C)
                  0000ff4c    00000004     DTC1200_pem4f.oem4f (.const:ti_sysbios_family_arm_m3_Hwi_E_hardFault__C)
                  0000ff50    00000004     DTC1200_pem4f.oem4f (.const:ti_sysbios_family_arm_m3_Hwi_E_memFault__C)
                  0000ff54    00000004     DTC1200_pem4f.oem4f (.const:ti_sysbios_family_arm_m3_Hwi_E_noIsr__C)
                  0000ff58    00000004     DTC1200_pem4f.oem4f (.const:ti_sysbios_family_arm_m3_Hwi_E_reserved__C)
                  0000ff5c    00000004     DTC1200_pem4f.oem4f (.const:ti_sysbios_family_arm_m3_Hwi_E_svCall__C)
                  0000ff60    00000004     DTC1200_pem4f.oem4f (.const:ti_sysbios_family_arm_m3_Hwi_E_usageFault__C)
                  0000ff64    00000004     DTC1200_pem4f.oem4f (.const:ti_sysbios_family_arm_m3_Hwi_NUM_INTERRUPTS__C)
                  0000ff68    00000004     DTC1200_pem4f.oem4f (.const:ti_sysbios_family_arm_m3_Hwi_Object__count__C)
                  0000ff6c    00000004     DTC1200_pem4f.oem4f (.const:ti_sysbios_family_arm_m3_Hwi_Object__table__C)
                  0000ff70    00000004     DTC1200_pem4f.oem4f (.const:ti_sysbios_family_arm_m3_Hwi_ccr__C)
                  0000ff74    00000004     DTC1200_pem4f.oem4f (.const:ti_sysbios_family_arm_m3_Hwi_excHandlerFunc__C)
                  0000ff78    00000004     DTC1200_pem4f.oem4f (.const:ti_sysbios_family_arm_m3_Hwi_excHookFuncs__C)
                  0000ff7c    00000004     DTC1200_pem4f.oem4f (.const:ti_sysbios_family_arm_m3_Hwi_nullIsrFunc__C)
                  0000ff80    00000004     DTC1200_pem4f.oem4f (.const:ti_sysbios_family_arm_m3_Hwi_priGroup__C)
                  0000ff84    00000004     DTC1200_pem4f.oem4f (.const:ti_sysbios_family_arm_m3_TaskSupport_stackAlignment__C)
                  0000ff88    00000004     DTC1200_pem4f.oem4f (.const:ti_sysbios_gates_GateMutex_Instance_State_sem__O)
                  0000ff8c    00000004     DTC1200_pem4f.oem4f (.const:ti_sysbios_hal_Hwi_E_stackOverflow__C)
                  0000ff90    00000004     DTC1200_pem4f.oem4f (.const:ti_sysbios_heaps_HeapMem_E_memory__C)
                  0000ff94    00000004     DTC1200_pem4f.oem4f (.const:ti_sysbios_heaps_HeapMem_Module__gateObj__C)
                  0000ff98    00000004     DTC1200_pem4f.oem4f (.const:ti_sysbios_heaps_HeapMem_Object__count__C)
                  0000ff9c    00000004     DTC1200_pem4f.oem4f (.const:ti_sysbios_heaps_HeapMem_Object__table__C)
                  0000ffa0    00000004     DTC1200_pem4f.oem4f (.const:ti_sysbios_heaps_HeapMem_reqAlign__C)
                  0000ffa4    00000004     DTC1200_pem4f.oem4f (.const:ti_sysbios_knl_Clock_Module_State_clockQ__O)
                  0000ffa8    00000004     DTC1200_pem4f.oem4f (.const:ti_sysbios_knl_Idle_funcList__A)
                  0000ffac    00000004     DTC1200_pem4f.oem4f (.const:ti_sysbios_knl_Mailbox_Instance_State_dataQue__O)
                  0000ffb0    00000004     DTC1200_pem4f.oem4f (.const:ti_sysbios_knl_Mailbox_Instance_State_dataSem__O)
                  0000ffb4    00000004     DTC1200_pem4f.oem4f (.const:ti_sysbios_knl_Mailbox_Instance_State_freeQue__O)
                  0000ffb8    00000004     DTC1200_pem4f.oem4f (.const:ti_sysbios_knl_Mailbox_Instance_State_freeSem__O)
                  0000ffbc    00000004     DTC1200_pem4f.oem4f (.const:ti_sysbios_knl_Mailbox_Object__count__C)
                  0000ffc0    00000004     DTC1200_pem4f.oem4f (.const:ti_sysbios_knl_Mailbox_Object__table__C)
                  0000ffc4    00000004     DTC1200_pem4f.oem4f (.const:ti_sysbios_knl_Mailbox_maxTypeAlign__C)
                  0000ffc8    00000004     DTC1200_pem4f.oem4f (.const:ti_sysbios_knl_Queue_Object__count__C)
                  0000ffcc    00000004     DTC1200_pem4f.oem4f (.const:ti_sysbios_knl_Queue_Object__table__C)
                  0000ffd0    00000004     DTC1200_pem4f.oem4f (.const:ti_sysbios_knl_Semaphore_Instance_State_pendQ__O)
                  0000ffd4    00000004     DTC1200_pem4f.oem4f (.const:ti_sysbios_knl_Swi_Object__count__C)
                  0000ffd8    00000004     DTC1200_pem4f.oem4f (.const:ti_sysbios_knl_Swi_Object__table__C)
                  0000ffdc    00000004     DTC1200_pem4f.oem4f (.const:ti_sysbios_knl_Task_E_spOutOfBounds__C)
                  0000ffe0    00000004     DTC1200_pem4f.oem4f (.const:ti_sysbios_knl_Task_E_stackOverflow__C)
                  0000ffe4    00000004     DTC1200_pem4f.oem4f (.const:ti_sysbios_knl_Task_Module_State_inactiveQ__O)
                  0000ffe8    00000004     DTC1200_pem4f.oem4f (.const:ti_sysbios_knl_Task_Object__count__C)
                  0000ffec    00000004     DTC1200_pem4f.oem4f (.const:ti_sysbios_knl_Task_Object__table__C)
                  0000fff0    00000004     DTC1200_pem4f.oem4f (.const:ti_sysbios_knl_Task_allBlockedFunc__C)
                  0000fff4    00000004     DTC1200_pem4f.oem4f (.const:ti_sysbios_knl_Task_defaultStackHeap__C)
                  0000fff8    00000004     DTC1200_pem4f.oem4f (.const:ti_sysbios_knl_Task_defaultStackSize__C)
                  0000fffc    00000004     DTC1200_pem4f.oem4f (.const:ti_sysbios_knl_Task_numConstructedTasks__C)
                  00010000    00000004     DTC1200_pem4f.oem4f (.const:xdc_runtime_Assert_E_assertFailed__C)
                  00010004    00000004     DTC1200_pem4f.oem4f (.const:xdc_runtime_Core_A_initializedParams__C)
                  00010008    00000004     DTC1200_pem4f.oem4f (.const:xdc_runtime_Core_Module__diagsEnabled__C)
                  0001000c    00000004     DTC1200_pem4f.oem4f (.const:xdc_runtime_Core_Module__diagsIncluded__C)
                  00010010    00000004     DTC1200_pem4f.oem4f (.const:xdc_runtime_Core_Module__diagsMask__C)
                  00010014    00000004     DTC1200_pem4f.oem4f (.const:xdc_runtime_Error_E_memory__C)
                  00010018    00000004     DTC1200_pem4f.oem4f (.const:xdc_runtime_Error_Module__diagsEnabled__C)
                  0001001c    00000004     DTC1200_pem4f.oem4f (.const:xdc_runtime_Error_Module__diagsIncluded__C)
                  00010020    00000004     DTC1200_pem4f.oem4f (.const:xdc_runtime_Error_Module__diagsMask__C)
                  00010024    00000004     DTC1200_pem4f.oem4f (.const:xdc_runtime_Error_Module__loggerFxn8__C)
                  00010028    00000004     DTC1200_pem4f.oem4f (.const:xdc_runtime_Error_Module__loggerObj__C)
                  0001002c    00000004     DTC1200_pem4f.oem4f (.const:xdc_runtime_Error_policyFxn__C)
                  00010030    00000004     DTC1200_pem4f.oem4f (.const:xdc_runtime_Error_raiseHook__C)
                  00010034    00000004     DTC1200_pem4f.oem4f (.const:xdc_runtime_IGateProvider_Interface__BASE__C)
                  00010038    00000004     DTC1200_pem4f.oem4f (.const:xdc_runtime_IHeap_Interface__BASE__C)
                  0001003c    00000004     DTC1200_pem4f.oem4f (.const:xdc_runtime_IModule_Interface__BASE__C)
                  00010040    00000004     DTC1200_pem4f.oem4f (.const:xdc_runtime_Log_L_error__C)
                  00010044    00000004     DTC1200_pem4f.oem4f (.const:xdc_runtime_Main_Module__gateObj__C)
                  00010048    00000004     DTC1200_pem4f.oem4f (.const:xdc_runtime_Memory_defaultHeapInstance__C)
                  0001004c    00000004     DTC1200_pem4f.oem4f (.const:xdc_runtime_Startup_execImpl__C)
                  00010050    00000004     DTC1200_pem4f.oem4f (.const:xdc_runtime_Startup_maxPasses__C)
                  00010054    00000004     DTC1200_pem4f.oem4f (.const:xdc_runtime_Startup_sfxnRts__C)
                  00010058    00000004     DTC1200_pem4f.oem4f (.const:xdc_runtime_Startup_sfxnTab__C)
                  0001005c    00000004     DTC1200_pem4f.oem4f (.const:xdc_runtime_Startup_startModsFxn__C)
                  00010060    00000004     DTC1200_pem4f.oem4f (.const:xdc_runtime_SysMin_bufSize__C)
                  00010064    00000004     DTC1200_pem4f.oem4f (.const:xdc_runtime_SysMin_outputFunc__C)
                  00010068    00000004     DTC1200_pem4f.oem4f (.const:xdc_runtime_System_Module__gateObj__C)
                  0001006c    00000004     DTC1200_pem4f.oem4f (.const:xdc_runtime_System_abortFxn__C)
                  00010070    00000004     DTC1200_pem4f.oem4f (.const:xdc_runtime_System_exitFxn__C)
                  00010074    00000004     DTC1200_pem4f.oem4f (.const:xdc_runtime_System_extendFxn__C)
                  00010078    00000004     DTC1200_pem4f.oem4f (.const:xdc_runtime_System_maxAtexitHandlers__C)
                  0001007c    00000004     DTC1200_pem4f.oem4f (.const:xdc_runtime_Text_charTab__C)
                  00010080    00000004     DTC1200_pem4f.oem4f (.const:xdc_runtime_Text_nameEmpty__C)
                  00010084    00000004     DTC1200_pem4f.oem4f (.const:xdc_runtime_Text_nameStatic__C)
                  00010088    00000004     DTC1200_pem4f.oem4f (.const:xdc_runtime_Text_nameUnknown__C)
                  0001008c    00000004     DTC1200_pem4f.oem4f (.const:xdc_runtime_Text_nodeTab__C)
                  00010090    00000004     DTC1200_pem4f.oem4f (.const:xdc_runtime_Text_visitRopeFxn__C)
                  00010094    00000003     Diag.obj (.const:.string:s_crlf)
                  00010097    00000001     --HOLE-- [fill = 0]
                  00010098    00000002     DTC1200_pem4f.oem4f (.const:ti_sysbios_knl_Task_Module__id__C)
                  0001009a    00000002     DTC1200_pem4f.oem4f (.const:xdc_runtime_Core_Module__id__C)
                  0001009c    00000002     DTC1200_pem4f.oem4f (.const:xdc_runtime_Error_Module__loggerDefined__C)
                  0001009e    00000002     DTC1200_pem4f.oem4f (.const:xdc_runtime_Error_maxDepth__C)
                  000100a0    00000002     DTC1200_pem4f.oem4f (.const:xdc_runtime_Memory_Module__id__C)
                  000100a2    00000002     DTC1200_pem4f.oem4f (.const:xdc_runtime_SysMin_flushAtExit__C)
                  000100a4    00000002     DTC1200_pem4f.oem4f (.const:xdc_runtime_Text_charCnt__C)
                  000100a6    00000002     DTC1200_pem4f.oem4f (.const:xdc_runtime_Text_isLoaded__C)
                  000100a8    00000002     DTC1200_pem4f.oem4f (.const:xdc_runtime_Text_registryModsLastId__C)
                  000100aa    00000002     DTC1200_pem4f.oem4f (.const:xdc_runtime_Text_unnamedModsLastId__C)

.cinit     0    000100b0    00000620     
                  000100b0    000005e8     (.cinit..data.load) [load image, compression = lzss]
                  00010698    0000000c     (__TI_handler_table)
                  000106a4    00000004     --HOLE-- [fill = 0]
                  000106a8    00000008     (.cinit..bss.load) [load image, compression = zero_init]
                  000106b0    00000008     (.cinit..vecs.load) [load image, compression = zero_init]
                  000106b8    00000018     (__TI_cinit_table)

.init_array 
*          0    00000000    00000000     UNINITIALIZED

.vecs      0    20000000    00000360     UNINITIALIZED
                  20000000    00000360     DTC1200_pem4f.oem4f (.vecs)

.bss       0    20000400    000042f0     UNINITIALIZED
                  20000400    00003000     (.common:ti_sysbios_heaps_HeapMem_Instance_State_0_buf__A)
                  20003400    00000360     (.common:ti_sysbios_family_arm_m3_Hwi_dispatchTable)
                  20003760    00000264     (.common:uartTivaObjects)
                  200039c4    00000004     TachTimer.obj (.bss)
                  200039c8    00000200     DTC1200_pem4f.oem4f (.bss:taskStackSection)
                  20003bc8    00000028     TerminalTask.obj (.bss:text$1)
                  20003bf0    0000000c     TerminalTask.obj (.bss:s_keybuf)
                  20003bfc    00000004     (.common:g_semaSPI)
                  20003c00    00000200     DTC1200_TivaTM4C123AE6PMI.obj (.bss:dmaControlTable)
[...]
0000d671  ti_sysbios_family_arm_m3_Hwi_restoreFxn__E                        
0000d679  ti_sysbios_gates_GateHwi_leave__E                                 
0000d681  ti_sysbios_heaps_HeapMem_isBlocking__E                            
0000d689  ti_sysbios_knl_Clock_stop__E                                      
0000d691  ti_sysbios_knl_Queue_Instance_init__E                             
0000d699  ti_sysbios_knl_Swi_startup__E                                     
0000d69f  xdc_runtime_System_Module_startup__E                              
0000d6a9  ti_sysbios_gates_GateHwi_query__E                                 
0000d6b1  ti_sysbios_gates_GateMutex_query__E                               
0000d6b9  ti_sysbios_knl_Task_startup__E                                    
0000d6c1  ti_sysbios_gates_GateHwi_Instance_init__E                         
0000d6c9  ti_sysbios_knl_Clock_logTick__E                                   
0000d6cc  xdc_runtime_Text_charTab__A                                       
0000efc2  ti_catalog_arm_cortexm4_tiva_ce_Boot_Module__id__C                
0000f474  _ctypes_                                                          
0000f575  xdc_runtime_Error_policy__C                                       
0000f576  xdc_runtime_Text_nodeTab__A                                       
0000f63a  ti_sysbios_family_arm_m3_Hwi_Module__id__C                        
0000f6cc  spiTivaDMAHWAttrs                                                 
0000f7b0  SPITivaDMA_fxnTable                                               
0000f944  uartTivaHWAttrs                                                   
0000f98c  ti_sysbios_knl_Task_Object__PARAMS__C                             
0000fa00  ti_sysbios_knl_Mailbox_Object__PARAMS__C                          
0000fa34  SPI_config                                                        
0000fa64  UART_config                                                       
0000fa94  ti_sysbios_family_arm_m3_Hwi_Object__PARAMS__C                    
0000faf0  UARTTiva_fxnTable                                                 
0000fb18  ti_sysbios_heaps_HeapMem_Module__FXNS__C                          
0000fb40  I2C_config                                                        
0000fb64  UART_defaultParams                                                
0000fb88  ti_sysbios_gates_GateHwi_Module__FXNS__C                          
0000fbac  ti_sysbios_gates_GateMutex_Module__FXNS__C                        
0000fbd0  ti_sysbios_heaps_HeapMem_Object__PARAMS__C                        
0000fbf4  ti_sysbios_knl_Clock_Object__PARAMS__C                            
0000fc18  ti_sysbios_knl_Semaphore_Object__PARAMS__C                        
0000fc3c  xdc_runtime_Startup_sfxnTab__A                                    
0000fc60  SPI_defaultParams                                                 
0000fc80  ti_sysbios_family_arm_m3_Hwi_Object__DESC__C                      
0000fca0  ti_sysbios_gates_GateHwi_Object__DESC__C                          
0000fcc0  ti_sysbios_gates_GateMutex_Object__DESC__C                        
0000fce0  ti_sysbios_heaps_HeapMem_Object__DESC__C                          
0000fd00  ti_sysbios_knl_Clock_Object__DESC__C                              
0000fd20  ti_sysbios_knl_Mailbox_Object__DESC__C                            
0000fd40  ti_sysbios_knl_Queue_Object__DESC__C                              
0000fd60  ti_sysbios_knl_Semaphore_Object__DESC__C                          
0000fd80  ti_sysbios_knl_Task_Object__DESC__C                               
0000fda0  I2CTiva_fxnTable                                                  
0000fdd6  ti_sysbios_hal_Hwi_Module__id__C                                  
0000fdd8  Watchdog_config                                                   
0000fdf0  WatchdogTiva_fxnTable                                             
0000fe08  i2cTivaHWAttrs                                                    
0000fe20  ti_sysbios_gates_GateHwi_Object__PARAMS__C                        
0000fe38  ti_sysbios_gates_GateMutex_Object__PARAMS__C                      
0000fe50  ti_sysbios_knl_Queue_Object__PARAMS__C                            
0000fe80  GPIOTiva_config                                                   
0000fe94  xdc_runtime_Startup_firstFxns__A                                  
0000fea8  xdc_runtime_Startup_sfxnRts__A                                    
0000feba  ti_sysbios_heaps_HeapMem_Module__id__C                            
0000febc  I2C_defaultParams                                                 
0000fecc  watchdogTivaHWAttrs                                               
0000feec  ti_sysbios_family_arm_m3_Hwi_excHookFuncs__A                      
0000fef4  ti_sysbios_knl_Idle_funcList__C                                   
0000fefc  xdc_runtime_Startup_firstFxns__C                                  
0000ff04  xdc_runtime_Startup_lastFxns__C                                   
0000ff1c  ti_catalog_arm_cortexm4_tiva_ce_Boot_A_mustUseEnhancedClockMode__C
0000ff20  ti_catalog_arm_cortexm4_tiva_ce_Boot_Module__diagsEnabled__C      
0000ff24  ti_catalog_arm_cortexm4_tiva_ce_Boot_Module__diagsIncluded__C     
0000ff28  ti_catalog_arm_cortexm4_tiva_ce_Boot_Module__diagsMask__C         
0000ff2c  ti_sysbios_BIOS_installedErrorHook__C                             
0000ff30  ti_sysbios_family_arm_lm4_Timer_enableFunc__C                     
0000ff34  ti_sysbios_family_arm_lm4_Timer_numTimerDevices__C                
0000ff38  ti_sysbios_family_arm_lm4_Timer_startupNeeded__C                  
0000ff3c  ti_sysbios_family_arm_m3_Hwi_E_NMI__C                             
0000ff40  ti_sysbios_family_arm_m3_Hwi_E_alreadyDefined__C                  
0000ff44  ti_sysbios_family_arm_m3_Hwi_E_busFault__C                        
0000ff48  ti_sysbios_family_arm_m3_Hwi_E_debugMon__C                        
0000ff4c  ti_sysbios_family_arm_m3_Hwi_E_hardFault__C                       
0000ff50  ti_sysbios_family_arm_m3_Hwi_E_memFault__C                        
0000ff54  ti_sysbios_family_arm_m3_Hwi_E_noIsr__C                           
0000ff58  ti_sysbios_family_arm_m3_Hwi_E_reserved__C                        
0000ff5c  ti_sysbios_family_arm_m3_Hwi_E_svCall__C                          
0000ff60  ti_sysbios_family_arm_m3_Hwi_E_usageFault__C                      
0000ff64  ti_sysbios_family_arm_m3_Hwi_NUM_INTERRUPTS__C                    
0000ff68  ti_sysbios_family_arm_m3_Hwi_Object__count__C                     
0000ff6c  ti_sysbios_family_arm_m3_Hwi_Object__table__C                     
0000ff70  ti_sysbios_family_arm_m3_Hwi_ccr__C                               
0000ff74  ti_sysbios_family_arm_m3_Hwi_excHandlerFunc__C                    
0000ff78  ti_sysbios_family_arm_m3_Hwi_excHookFuncs__C                      
0000ff7c  ti_sysbios_family_arm_m3_Hwi_nullIsrFunc__C                       
0000ff80  ti_sysbios_family_arm_m3_Hwi_priGroup__C                          
0000ff84  ti_sysbios_family_arm_m3_TaskSupport_stackAlignment__C            
0000ff88  ti_sysbios_gates_GateMutex_Instance_State_sem__O                  
0000ff8c  ti_sysbios_hal_Hwi_E_stackOverflow__C                             
0000ff90  ti_sysbios_heaps_HeapMem_E_memory__C                              
0000ff94  ti_sysbios_heaps_HeapMem_Module__gateObj__C                       
0000ff98  ti_sysbios_heaps_HeapMem_Object__count__C                         
0000ff9c  ti_sysbios_heaps_HeapMem_Object__table__C                         
0000ffa0  ti_sysbios_heaps_HeapMem_reqAlign__C                              
0000ffa4  ti_sysbios_knl_Clock_Module_State_clockQ__O                       
0000ffa8  ti_sysbios_knl_Idle_funcList__A                                   
0000ffac  ti_sysbios_knl_Mailbox_Instance_State_dataQue__O                  
0000ffb0  ti_sysbios_knl_Mailbox_Instance_State_dataSem__O                  
0000ffb4  ti_sysbios_knl_Mailbox_Instance_State_freeQue__O                  
0000ffb8  ti_sysbios_knl_Mailbox_Instance_State_freeSem__O                  
0000ffbc  ti_sysbios_knl_Mailbox_Object__count__C                           
0000ffc0  ti_sysbios_knl_Mailbox_Object__table__C                           
0000ffc4  ti_sysbios_knl_Mailbox_maxTypeAlign__C                            
0000ffc8  ti_sysbios_knl_Queue_Object__count__C                             
0000ffcc  ti_sysbios_knl_Queue_Object__table__C                             
0000ffd0  ti_sysbios_knl_Semaphore_Instance_State_pendQ__O                  
0000ffd4  ti_sysbios_knl_Swi_Object__count__C                               
0000ffd8  ti_sysbios_knl_Swi_Object__table__C                               
0000ffdc  ti_sysbios_knl_Task_E_spOutOfBounds__C                            
0000ffe0  ti_sysbios_knl_Task_E_stackOverflow__C                            
0000ffe4  ti_sysbios_knl_Task_Module_State_inactiveQ__O                     
0000ffe8  ti_sysbios_knl_Task_Object__count__C                              
0000ffec  ti_sysbios_knl_Task_Object__table__C                              
0000fff0  ti_sysbios_knl_Task_allBlockedFunc__C                             
0000fff4  ti_sysbios_knl_Task_defaultStackHeap__C                           
0000fff8  ti_sysbios_knl_Task_defaultStackSize__C                           
0000fffc  ti_sysbios_knl_Task_numConstructedTasks__C                        
00010000  xdc_runtime_Assert_E_assertFailed__C                              
00010004  xdc_runtime_Core_A_initializedParams__C                           
00010008  xdc_runtime_Core_Module__diagsEnabled__C                          
0001000c  xdc_runtime_Core_Module__diagsIncluded__C                         
00010010  xdc_runtime_Core_Module__diagsMask__C                             
00010014  xdc_runtime_Error_E_memory__C                                     
00010018  xdc_runtime_Error_Module__diagsEnabled__C                         
0001001c  xdc_runtime_Error_Module__diagsIncluded__C                        
00010020  xdc_runtime_Error_Module__diagsMask__C                            
00010024  xdc_runtime_Error_Module__loggerFxn8__C                           
00010028  xdc_runtime_Error_Module__loggerObj__C                            
0001002c  xdc_runtime_Error_policyFxn__C                                    
00010030  xdc_runtime_Error_raiseHook__C                                    
00010034  xdc_runtime_IGateProvider_Interface__BASE__C                      
00010038  xdc_runtime_IHeap_Interface__BASE__C                              
0001003c  xdc_runtime_IModule_Interface__BASE__C                            
00010040  xdc_runtime_Log_L_error__C                                        
00010044  xdc_runtime_Main_Module__gateObj__C                               
00010048  xdc_runtime_Memory_defaultHeapInstance__C                         
0001004c  xdc_runtime_Startup_execImpl__C                                   
00010050  xdc_runtime_Startup_maxPasses__C                                  
00010054  xdc_runtime_Startup_sfxnRts__C                                    
00010058  xdc_runtime_Startup_sfxnTab__C                                    
0001005c  xdc_runtime_Startup_startModsFxn__C                               
00010060  xdc_runtime_SysMin_bufSize__C                                     
00010064  xdc_runtime_SysMin_outputFunc__C                                  
00010068  xdc_runtime_System_Module__gateObj__C                             
0001006c  xdc_runtime_System_abortFxn__C                                    
00010070  xdc_runtime_System_exitFxn__C                                     
00010074  xdc_runtime_System_extendFxn__C                                   
00010078  xdc_runtime_System_maxAtexitHandlers__C                           
0001007c  xdc_runtime_Text_charTab__C                                       
00010080  xdc_runtime_Text_nameEmpty__C                                     
00010084  xdc_runtime_Text_nameStatic__C                                    
00010088  xdc_runtime_Text_nameUnknown__C                                   
0001008c  xdc_runtime_Text_nodeTab__C                                       
00010090  xdc_runtime_Text_visitRopeFxn__C                                  
00010098  ti_sysbios_knl_Task_Module__id__C                                 
0001009a  xdc_runtime_Core_Module__id__C                                    
0001009c  xdc_runtime_Error_Module__loggerDefined__C                        
0001009e  xdc_runtime_Error_maxDepth__C                                     
000100a0  xdc_runtime_Memory_Module__id__C                                  
000100a2  xdc_runtime_SysMin_flushAtExit__C                                 
000100a4  xdc_runtime_Text_charCnt__C                                       
000100a6  xdc_runtime_Text_isLoaded__C                                      
000100a8  xdc_runtime_Text_registryModsLastId__C                            
000100aa  xdc_runtime_Text_unnamedModsLastId__C                             
000100b0  __TI_static_base__                                                
00010698  __TI_Handler_Table_Base                                           
000106a4  __TI_Handler_Table_Limit                                          
000106b8  __TI_CINIT_Base                                                   
000106d0  __TI_CINIT_Limit                                                  
20000000  ti_sysbios_family_arm_m3_Hwi_ramVectors                           
20000400  ti_sysbios_heaps_HeapMem_Instance_State_0_buf__A                  
20003400  ti_sysbios_family_arm_m3_Hwi_dispatchTable                        
20003760  uartTivaObjects                                                   
200039c8  ti_sysbios_knl_Task_Instance_State_0_stack__A                     
20003bfc  g_semaSPI                                                         
20003e00  xdc_runtime_SysMin_Module_State_0_outbuf__A                       
20004000  __CIOBUF_                                                         
20004220  i2cTivaObjects                                                    
20004320  spiTivaDMAObjects                                                 
20004404  g_servo                                                           
200044cc  g_sys                                                             
20004614  uartTivaRingBuffer                                                
20004694  watchdogTivaObjects                                               
200046e0  spiTivaDMAscratchBuf                                              
20005458  ti_sysbios_knl_Swi_Module_State_0_readyQ__A                       
200054d8  ti_sysbios_knl_Task_Module_State_0_readyQ__A                      
20005558  ti_sysbios_knl_Task_Object__table__V                              
200055a4  ti_sysbios_knl_Task_Module__state__V                              
200055e8  ti_sysbios_family_arm_lm4_Timer_Object__table__V                  
20005628  ti_sysbios_gates_GateMutex_Object__table__V                       
20005660  ti_sysbios_family_arm_m3_Hwi_Module__state__V                     
20005694  gpioPinConfigs                                                    
200056c4  ti_sysbios_family_arm_lm4_Timer_Module_State_0_device__A          
200056f4  ti_sysbios_knl_Swi_Object__table__V                               
20005750  ti_sysbios_knl_Clock_Module__state__V                             
200057a4  ti_sysbios_BIOS_Module__state__V                                  
200057c8  g_mailboxCommander                                                
200057cc  g_mailboxController                                               
200057d0  g_handleI2C0                                                      
200057d4  g_handleI2C1                                                      
200057d8  g_handleUartTTY                                                   
200057dc  g_handleUartIPC                                                   
200057e0  g_cmode                                                           
200057e4  g_lamp_mask                                                       
200057e5  g_lamp_mask_prev                                                  
200057e6  g_lamp_blink_mask                                                 
200057e7  g_switch_option                                                   
200057e8  g_high_speed_flag                                                 
200057e9  g_tape_out_flag                                                   
20005808  ti_sysbios_knl_Swi_Module__state__V                               
20005824  ti_sysbios_family_arm_lm4_Timer_Module_State_0_handles__A         
2000583c  ti_sysbios_family_arm_m3_Hwi_Object__table__V                     
20005854  ti_sysbios_heaps_HeapMem_Object__table__V                         
20005910  __TI_cleanup_ptr                                                  
20005914  __TI_dtors_ptr                                                    
20005918  __TI_enable_exit_profile_output                                   
2000591c  ti_sysbios_family_arm_lm4_Timer_Module__state__V                  
20005928  xdc_runtime_SysMin_Module__state__V                               
20005934  _lock                                                             
20005938  _unlock                                                           
2000593c  gpioCallbackFunctions                                             
20005954  ti_sysbios_family_arm_m3_Hwi_Module__root__V                      
2000595c  ti_sysbios_gates_GateHwi_Module__root__V                          
20005964  ti_sysbios_gates_GateMutex_Module__root__V                        
2000596c  ti_sysbios_heaps_HeapMem_Module__root__V                          
20005974  ti_sysbios_knl_Clock_Module__root__V                              
2000597c  ti_sysbios_knl_Mailbox_Module__root__V                            
20005984  ti_sysbios_knl_Queue_Module__root__V                              
2000598c  ti_sysbios_knl_Semaphore_Module__root__V                          
20005994  ti_sysbios_knl_Task_Module__root__V                               
2000599c  xdc_runtime_Registry_Module__state__V                             
200059a4  xdc_runtime_Startup_Module__state__V                              
200059ac  xdc_runtime_System_Module_State_0_atexitHandlers__A               
200059b4  xdc_runtime_System_Module__state__V                               
200059c2  ti_sysbios_family_arm_m3_Hwi_Module_State_0_excActive__A          
200059d8  errno                                                             
200059dc  main_func_sp                                                      
200059e0  ti_sysbios_family_arm_m3_Hwi_Module_State_0_excContext__A         
200059e4  ti_sysbios_family_arm_m3_Hwi_Module_State_0_excStack__A           
200059e8  ti_sysbios_gates_GateHwi_Object__table__V                         
200059ec  ti_sysbios_knl_Task_Module_State_0_idleTask__A                    
200059f0  xdc_runtime_Memory_Module__state__V                               
200059f4  xdc_runtime_Error_Module__state__V                                
200059f8  __stack                                                           
20005bf8  __STACK_TOP                                                       
20005cf8  __STACK_END                                                       
e000e000  ti_sysbios_family_arm_m3_Hwi_nvic                                 
ffffffff  __TI_pprof_out_hndl                                               
ffffffff  __TI_prof_data_size                                               
ffffffff  __TI_prof_data_start                                              
ffffffff  __binit__                                                         
ffffffff  __c_args__                                                        
ffffffff  binit                                                             
UNDEFED   SHT$$INIT_ARRAY$$Base                                             
UNDEFED   SHT$$INIT_ARRAY$$Limit                                            

[831 symbols]
